******************************************************************************
                  TI ARM Linker PC v20.2.1                     
******************************************************************************
>> Linked Thu Mar 18 00:13:48 2021

OUTPUT FILE NAME:   <iot1.out>
ENTRY POINT SYMBOL: "_c_int00_noargs"  address: 000047f1


MEMORY CONFIGURATION

         name            origin    length      used     unused   attr    fill
----------------------  --------  ---------  --------  --------  ----  --------
  FLASH                 00000000   00040000  00004a85  0003b57b  R  X
  SRAM                  20000000   00008000  0000101c  00006fe4  RW X


SEGMENT ALLOCATION MAP

run origin  load origin   length   init length attrs members
----------  ----------- ---------- ----------- ----- -------
00000000    00000000    00004a88   00004a88    r-x
  00000000    00000000    0000026c   0000026c    r-- .intvecs
  0000026c    0000026c    000046f0   000046f0    r-x .text
  0000495c    0000495c    00000101   00000101    r-- .const
  00004a60    00004a60    00000028   00000028    r-- .cinit
20000000    20000000    0000101c   00000000    rw-
  20000000    20000000    00001000   00000000    rw- .stack
  20001000    20001000    0000001c   00000000    rw- .data


SECTION ALLOCATION MAP

 output                                  attributes/
section   page    origin      length       input sections
--------  ----  ----------  ----------   ----------------
.intvecs   0    00000000    0000026c     
                  00000000    0000026c     tm4c123gh6pm_startup_ccs.obj (.intvecs)

.text      0    0000026c    000046f0     
                  0000026c    000014a8     eth0.obj (.text)
                  00001714    00000a4e     rtsv7M4_T_le_v4SPD16_eabi.lib : _printfi.c.obj (.text:__TI_printfi)
                  00002162    00000002                                   : div0.asm.obj (.text)
                  00002164    000009b4     ethernet.obj (.text)
                  00002b18    000007c0     gpio.obj (.text)
                  000032d8    00000270     rtsv7M4_T_le_v4SPD16_eabi.lib : _printfi.c.obj (.text:_pconv_a)
                  00003548    000001d0                                   : _printfi.c.obj (.text:_pconv_g)
                  00003718    000001b6                                   : fd_add_t2.asm.obj (.text)
                  000038ce    00000002     --HOLE-- [fill = 0]
                  000038d0    00000160     spi0.obj (.text)
                  00003a30    0000013c     rtsv7M4_T_le_v4SPD16_eabi.lib : _printfi.c.obj (.text:_pconv_e)
                  00003b6c    00000136                                   : fd_div_t2.asm.obj (.text)
                  00003ca2    00000002     --HOLE-- [fill = 0]
                  00003ca4    00000124                                   : _printfi.c.obj (.text:fcvt)
                  00003dc8    00000124     uart0.obj (.text)
                  00003eec    00000110     rtsv7M4_T_le_v4SPD16_eabi.lib : s_scalbn.c.obj (.text:scalbn)
                  00003ffc    000000fc                                   : fd_mul_t2.asm.obj (.text)
                  000040f8    000000b1                                   : _printfi.c.obj (.text:_ltostr)
                  000041a9    00000001     --HOLE-- [fill = 0]
                  000041aa    0000009c                                   : memcpy_t2.asm.obj (.text)
                  00004246    00000096                                   : ull_div_t2.asm.obj (.text)
                  000042dc    00000086                                   : fd_cmp_t2.asm.obj (.text:__aeabi_cdcmple)
                  00004362    00000086                                   : fd_cmp_t2.asm.obj (.text:__aeabi_cdrcmple)
                  000043e8    0000007a                                   : memset_t2.asm.obj (.text)
                  00004462    0000006e                                   : _printfi.c.obj (.text:_mcpy)
                  000044d0    00000068                                   : copy_decompress_lzss.c.obj (.text:decompress:lzss:__TI_decompress_lzss)
                  00004538    00000064                                   : s_frexp.c.obj (.text:frexp)
                  0000459c    00000056                                   : _printfi.c.obj (.text:_pconv_f)
                  000045f2    00000054                                   : _ltoa.c.obj (.text:__TI_ltoa)
                  00004646    00000052                                   : _printfi.c.obj (.text:_ecpy)
                  00004698    0000004c                                   : atoi.c.obj (.text:atoi)
                  000046e4    00000048                                   : fd_toi_t2.asm.obj (.text)
                  0000472c    00000044                                   : autoinit.c.obj (.text:__TI_auto_init_nobinit_nopinit:__TI_auto_init_nobinit_nopinit)
                  00004770    00000040                                   : sprintf.c.obj (.text:sprintf)
                  000047b0    0000003e                                   : _printfi.c.obj (.text:_fcpy)
                  000047ee    00000002     --HOLE-- [fill = 0]
                  000047f0    00000034                                   : boot_cortex_m.c.obj (.text:_c_int00_noargs:_c_int00_noargs)
                  00004824    0000002e                                   : i_tofd_t2.asm.obj (.text)
                  00004852    00000024     wait.obj (.text)
                  00004876    0000001c     rtsv7M4_T_le_v4SPD16_eabi.lib : memccpy.c.obj (.text:memccpy)
                  00004892    0000001a                                   : s_copysign.c.obj (.text:copysign)
                  000048ac    00000018                                   : sprintf.c.obj (.text:_outs)
                  000048c4    00000018                                   : strcmp.c.obj (.text:strcmp)
                  000048dc    00000016                                   : strchr.c.obj (.text:strchr)
                  000048f2    00000014                                   : strlen.c.obj (.text:strlen)
                  00004906    00000012                                   : wcslen.c.obj (.text:wcslen)
                  00004918    00000010     clock.obj (.text)
                  00004928    0000000e     rtsv7M4_T_le_v4SPD16_eabi.lib : copy_decompress_none.c.obj (.text:decompress:none:__TI_decompress_none)
                  00004936    0000000c     tm4c123gh6pm_startup_ccs.obj (.text)
                  00004942    0000000a     rtsv7M4_T_le_v4SPD16_eabi.lib : sprintf.c.obj (.text:_outc)
                  0000494c    00000008                                   : errno.c.obj (.text:__aeabi_errno_addr)
                  00004954    00000004                                   : pre_init.c.obj (.text:_system_pre_init)
                  00004958    00000004                                   : exit.c.obj (.text:abort:abort)

.const     0    0000495c    00000101     
                  0000495c    00000101     rtsv7M4_T_le_v4SPD16_eabi.lib : ctype.c.obj (.const:.string:_ctypes_)

.cinit     0    00004a60    00000028     
                  00004a60    00000018     (.cinit..data.load) [load image, compression = lzss]
                  00004a78    00000008     (__TI_handler_table)
                  00004a80    00000008     (__TI_cinit_table)

.init_array 
*          0    00000000    00000000     UNINITIALIZED

.data      0    20001000    0000001c     UNINITIALIZED
                  20001000    00000006     eth0.obj (.data:macAddress)
                  20001006    00000004     eth0.obj (.data)
                  2000100a    00000004     eth0.obj (.data:ipAddress)
                  2000100e    00000004     eth0.obj (.data:ipGwAddress)
                  20001012    00000004     eth0.obj (.data:ipSubnetMask)
                  20001016    00000002     --HOLE--
                  20001018    00000004     rtsv7M4_T_le_v4SPD16_eabi.lib : errno.c.obj (.data)

.stack     0    20000000    00001000     UNINITIALIZED
                  20000000    00000004     rtsv7M4_T_le_v4SPD16_eabi.lib : boot_cortex_m.c.obj (.stack)
                  20000004    00000ffc     --HOLE--

__llvm_prf_cnts 
*          0    20000000    00000000     UNINITIALIZED

MODULE SUMMARY

       Module                         code    ro data   rw data
       ------                         ----    -------   -------
    .\
       eth0.obj                       5288    0         22     
       ethernet.obj                   2484    0         0      
       gpio.obj                       1984    0         0      
       tm4c123gh6pm_startup_ccs.obj   12      620       0      
       spi0.obj                       352     0         0      
       uart0.obj                      292     0         0      
       wait.obj                       36      0         0      
       clock.obj                      16      0         0      
    +--+------------------------------+-------+---------+---------+
       Total:                         10464   620       22     
                                                               
    C:\ti\ccs1011\ccs\tools\compiler\ti-cgt-arm_20.2.1.LTS\lib\rtsv7M4_T_le_v4SPD16_eabi.lib
       _printfi.c.obj                 4851    0         0      
       fd_add_t2.asm.obj              438     0         0      
       fd_div_t2.asm.obj              310     0         0      
       s_scalbn.c.obj                 272     0         0      
       fd_cmp_t2.asm.obj              268     0         0      
       ctype.c.obj                    0       257       0      
       fd_mul_t2.asm.obj              252     0         0      
       memcpy_t2.asm.obj              156     0         0      
       ull_div_t2.asm.obj             150     0         0      
       memset_t2.asm.obj              122     0         0      
       copy_decompress_lzss.c.obj     104     0         0      
       s_frexp.c.obj                  100     0         0      
       sprintf.c.obj                  98      0         0      
       _ltoa.c.obj                    84      0         0      
       atoi.c.obj                     76      0         0      
       fd_toi_t2.asm.obj              72      0         0      
       autoinit.c.obj                 68      0         0      
       boot_cortex_m.c.obj            52      0         0      
       i_tofd_t2.asm.obj              46      0         0      
       memccpy.c.obj                  28      0         0      
       s_copysign.c.obj               26      0         0      
       strcmp.c.obj                   24      0         0      
       strchr.c.obj                   22      0         0      
       strlen.c.obj                   20      0         0      
       wcslen.c.obj                   18      0         0      
       copy_decompress_none.c.obj     14      0         0      
       errno.c.obj                    8       0         4      
       exit.c.obj                     4       0         0      
       pre_init.c.obj                 4       0         0      
       div0.asm.obj                   2       0         0      
    +--+------------------------------+-------+---------+---------+
       Total:                         7689    257       4      
                                                               
       Stack:                         0       0         4096   
       Linker Generated:              0       40        0      
    +--+------------------------------+-------+---------+---------+
       Grand Total:                   18153   917       4122   


LINKER GENERATED COPY TABLES

__TI_cinit_table @ 00004a80 records: 1, size/record: 8, table size: 8
	.data: load addr=00004a60, load size=00000018 bytes, run addr=20001000, run size=0000001c bytes, compression=lzss


LINKER GENERATED HANDLER TABLE

__TI_handler_table @ 00004a78 records: 2, size/record: 4, table size: 8
	index: 0, handler: __TI_decompress_lzss
	index: 1, handler: __TI_decompress_none


GLOBAL SYMBOLS: SORTED ALPHABETICALLY BY Name 

address   name                          
-------   ----                          
00004959  C$$EXIT                       
00004937  ResetISR                      
20001000  __STACK_END                   
00001000  __STACK_SIZE                  
20000200  __STACK_TOP                   
00004a80  __TI_CINIT_Base               
00004a88  __TI_CINIT_Limit              
00004a78  __TI_Handler_Table_Base       
00004a80  __TI_Handler_Table_Limit      
0000472d  __TI_auto_init_nobinit_nopinit
000044d1  __TI_decompress_lzss          
00004929  __TI_decompress_none          
000045f3  __TI_ltoa                     
ffffffff  __TI_pprof_out_hndl           
00001715  __TI_printfi                  
ffffffff  __TI_prof_data_size           
ffffffff  __TI_prof_data_start          
00000000  __TI_static_base__            
000042dd  __aeabi_cdcmpeq               
000042dd  __aeabi_cdcmple               
00004363  __aeabi_cdrcmple              
000046e5  __aeabi_d2iz                  
00003723  __aeabi_dadd                  
00003b6d  __aeabi_ddiv                  
00003ffd  __aeabi_dmul                  
00003719  __aeabi_dsub                  
0000494d  __aeabi_errno_addr            
00004825  __aeabi_i2d                   
00002163  __aeabi_idiv0                 
00002163  __aeabi_ldiv0                 
000043e9  __aeabi_memclr                
000043e9  __aeabi_memclr4               
000043e9  __aeabi_memclr8               
000041ab  __aeabi_memcpy                
000041ab  __aeabi_memcpy4               
000041ab  __aeabi_memcpy8               
000043eb  __aeabi_memset                
000043eb  __aeabi_memset4               
000043eb  __aeabi_memset8               
00004247  __aeabi_uldivmod              
ffffffff  __binit__                     
ffffffff  __c_args__                    
UNDEFED   __mpu_init                    
20000000  __stack                       
20000000  __start___llvm_prf_cnts       
20000000  __stop___llvm_prf_cnts        
000047f1  _c_int00_noargs               
0000495c  _ctypes_                      
UNDEFED   _system_post_cinit            
00004955  _system_pre_init              
00004959  abort                         
00002547  alphabetToInteger             
00004699  atoi                          
ffffffff  binit                         
00004893  copysign                      
00004893  copysignl                     
20001009  dhcpEnabled                   
00003149  disablePinInterrupt           
00002e81  disablePinPulldown            
00002e39  disablePinPullup              
00002bd5  disablePort                   
00002199  displayConnectionInfo         
00003125  enablePinInterrupt            
00002e5d  enablePinPulldown             
00002e0b  enablePinPullup               
00002b19  enablePort                    
20001018  errno                         
0000093d  etherCalcIpChecksum           
0000032b  etherClearReg                 
00000283  etherCsOff                    
0000026d  etherCsOn                     
000014b7  etherDisableDhcpMode          
000014af  etherEnableDhcpMode           
00001499  etherGetId                    
0000152b  etherGetIpAddress             
0000160f  etherGetIpGatewayAddress      
0000159d  etherGetIpSubnetMask          
0000168b  etherGetMacAddress            
000006a3  etherGetPacket                
000012cb  etherGetUdpData               
000014a5  etherIncId                    
00000477  etherInit                     
00000cf7  etherIsArpRequest             
00000d9d  etherIsArpResponse            
00000659  etherIsDataAvailable          
000014bf  etherIsDhcpEnabled            
000009cd  etherIsIp                     
00000a3d  etherIsIpUnicast              
000014c5  etherIsIpValid                
0000063f  etherIsLinkUp                 
00000673  etherIsOverflow               
00000b9b  etherIsPingRequest            
00000aa1  etherIsTcpResponse            
00001223  etherIsUdp                    
00000795  etherPutPacket                
0000045f  etherReadMem                  
0000044d  etherReadMemStart             
0000046f  etherReadMemStop              
000003b3  etherReadPhy                  
000002c5  etherReadReg                  
00001115  etherSendArpRequest           
00001045  etherSendArpResponse          
00000be7  etherSendPingResponse         
00000e3b  etherSendTCP                  
000012fd  etherSendUdpResponse          
0000035f  etherSetBank                  
000014f3  etherSetIpAddress             
000015d7  etherSetIpGatewayAddress      
00001565  etherSetIpSubnetMask          
00001649  etherSetMacAddress            
000002f7  etherSetReg                   
0000087b  etherSumWords                 
00000431  etherWriteMem                 
0000041f  etherWriteMemStart            
00000445  etherWriteMemStop             
0000037b  etherWritePhy                 
00000291  etherWriteReg                 
00004539  frexp                         
00004539  frexpl                        
00000000  g_pfnVectors                  
00000901  getEtherChecksum              
0000264d  getFieldInteger               
000024f7  getFieldString                
00003193  getPinValue                   
00003249  getPortValue                  
00003e9b  getcUart0                     
00002323  getsUart0                     
00000999  htonl                         
00000975  htons                         
00002165  initHw                        
000038d1  initSpi0                      
00004919  initSystemClockTo40Mhz        
00003dc9  initUart0                     
2000100a  ipAddress                     
2000100e  ipGwAddress                   
20001012  ipSubnetMask                  
00002687  isCommand                     
00003eaf  kbhitUart0                    
00003eed  ldexp                         
00003eed  ldexpl                        
20001000  macAddress                    
000026b9  main                          
00004877  memccpy                       
000041ab  memcpy                        
000043f1  memset                        
20001006  nextPacketLsb                 
20001007  nextPacketMsb                 
000023b5  parseFields                   
00003e53  putcUart0                     
00003e6f  putsUart0                     
00003a09  readSpi0Data                  
00003eed  scalbn                        
00003eed  scalbnl                       
00002d3f  selectPinAnalogInput          
00002cf1  selectPinDigitalInput         
0000305b  selectPinInterruptBothEdges   
0000300b  selectPinInterruptFallingEdge 
000030b1  selectPinInterruptHighLevel   
000030eb  selectPinInterruptLowLevel    
00002fbb  selectPinInterruptRisingEdge  
00002ca3  selectPinOpenDrainOutput      
00002c55  selectPinPushPullOutput       
20001008  sequenceId                    
00002ea9  setPinAuxFunction             
00002d8f  setPinCommitControl           
0000316d  setPinValue                   
000031c5  setPortValue                  
0000396d  setSpi0BaudRate               
000039a3  setSpi0Mode                   
00003e13  setUart0BaudRate              
00004771  sprintf                       
000048dd  strchr                        
000048c5  strcmp                        
000025b1  stringCompare                 
000048f3  strlen                        
00004853  waitMicrosecond               
00004907  wcslen                        
000039f1  writeSpi0Data                 


GLOBAL SYMBOLS: SORTED BY Symbol Address 

address   name                          
-------   ----                          
00000000  __TI_static_base__            
00000000  g_pfnVectors                  
0000026d  etherCsOn                     
00000283  etherCsOff                    
00000291  etherWriteReg                 
000002c5  etherReadReg                  
000002f7  etherSetReg                   
0000032b  etherClearReg                 
0000035f  etherSetBank                  
0000037b  etherWritePhy                 
000003b3  etherReadPhy                  
0000041f  etherWriteMemStart            
00000431  etherWriteMem                 
00000445  etherWriteMemStop             
0000044d  etherReadMemStart             
0000045f  etherReadMem                  
0000046f  etherReadMemStop              
00000477  etherInit                     
0000063f  etherIsLinkUp                 
00000659  etherIsDataAvailable          
00000673  etherIsOverflow               
000006a3  etherGetPacket                
00000795  etherPutPacket                
0000087b  etherSumWords                 
00000901  getEtherChecksum              
0000093d  etherCalcIpChecksum           
00000975  htons                         
00000999  htonl                         
000009cd  etherIsIp                     
00000a3d  etherIsIpUnicast              
00000aa1  etherIsTcpResponse            
00000b9b  etherIsPingRequest            
00000be7  etherSendPingResponse         
00000cf7  etherIsArpRequest             
00000d9d  etherIsArpResponse            
00000e3b  etherSendTCP                  
00001000  __STACK_SIZE                  
00001045  etherSendArpResponse          
00001115  etherSendArpRequest           
00001223  etherIsUdp                    
000012cb  etherGetUdpData               
000012fd  etherSendUdpResponse          
00001499  etherGetId                    
000014a5  etherIncId                    
000014af  etherEnableDhcpMode           
000014b7  etherDisableDhcpMode          
000014bf  etherIsDhcpEnabled            
000014c5  etherIsIpValid                
000014f3  etherSetIpAddress             
0000152b  etherGetIpAddress             
00001565  etherSetIpSubnetMask          
0000159d  etherGetIpSubnetMask          
000015d7  etherSetIpGatewayAddress      
0000160f  etherGetIpGatewayAddress      
00001649  etherSetMacAddress            
0000168b  etherGetMacAddress            
00001715  __TI_printfi                  
00002163  __aeabi_idiv0                 
00002163  __aeabi_ldiv0                 
00002165  initHw                        
00002199  displayConnectionInfo         
00002323  getsUart0                     
000023b5  parseFields                   
000024f7  getFieldString                
00002547  alphabetToInteger             
000025b1  stringCompare                 
0000264d  getFieldInteger               
00002687  isCommand                     
000026b9  main                          
00002b19  enablePort                    
00002bd5  disablePort                   
00002c55  selectPinPushPullOutput       
00002ca3  selectPinOpenDrainOutput      
00002cf1  selectPinDigitalInput         
00002d3f  selectPinAnalogInput          
00002d8f  setPinCommitControl           
00002e0b  enablePinPullup               
00002e39  disablePinPullup              
00002e5d  enablePinPulldown             
00002e81  disablePinPulldown            
00002ea9  setPinAuxFunction             
00002fbb  selectPinInterruptRisingEdge  
0000300b  selectPinInterruptFallingEdge 
0000305b  selectPinInterruptBothEdges   
000030b1  selectPinInterruptHighLevel   
000030eb  selectPinInterruptLowLevel    
00003125  enablePinInterrupt            
00003149  disablePinInterrupt           
0000316d  setPinValue                   
00003193  getPinValue                   
000031c5  setPortValue                  
00003249  getPortValue                  
00003719  __aeabi_dsub                  
00003723  __aeabi_dadd                  
000038d1  initSpi0                      
0000396d  setSpi0BaudRate               
000039a3  setSpi0Mode                   
000039f1  writeSpi0Data                 
00003a09  readSpi0Data                  
00003b6d  __aeabi_ddiv                  
00003dc9  initUart0                     
00003e13  setUart0BaudRate              
00003e53  putcUart0                     
00003e6f  putsUart0                     
00003e9b  getcUart0                     
00003eaf  kbhitUart0                    
00003eed  ldexp                         
00003eed  ldexpl                        
00003eed  scalbn                        
00003eed  scalbnl                       
00003ffd  __aeabi_dmul                  
000041ab  __aeabi_memcpy                
000041ab  __aeabi_memcpy4               
000041ab  __aeabi_memcpy8               
000041ab  memcpy                        
00004247  __aeabi_uldivmod              
000042dd  __aeabi_cdcmpeq               
000042dd  __aeabi_cdcmple               
00004363  __aeabi_cdrcmple              
000043e9  __aeabi_memclr                
000043e9  __aeabi_memclr4               
000043e9  __aeabi_memclr8               
000043eb  __aeabi_memset                
000043eb  __aeabi_memset4               
000043eb  __aeabi_memset8               
000043f1  memset                        
000044d1  __TI_decompress_lzss          
00004539  frexp                         
00004539  frexpl                        
000045f3  __TI_ltoa                     
00004699  atoi                          
000046e5  __aeabi_d2iz                  
0000472d  __TI_auto_init_nobinit_nopinit
00004771  sprintf                       
000047f1  _c_int00_noargs               
00004825  __aeabi_i2d                   
00004853  waitMicrosecond               
00004877  memccpy                       
00004893  copysign                      
00004893  copysignl                     
000048c5  strcmp                        
000048dd  strchr                        
000048f3  strlen                        
00004907  wcslen                        
00004919  initSystemClockTo40Mhz        
00004929  __TI_decompress_none          
00004937  ResetISR                      
0000494d  __aeabi_errno_addr            
00004955  _system_pre_init              
00004959  C$$EXIT                       
00004959  abort                         
0000495c  _ctypes_                      
00004a78  __TI_Handler_Table_Base       
00004a80  __TI_CINIT_Base               
00004a80  __TI_Handler_Table_Limit      
00004a88  __TI_CINIT_Limit              
20000000  __stack                       
20000000  __start___llvm_prf_cnts       
20000000  __stop___llvm_prf_cnts        
20000200  __STACK_TOP                   
20001000  __STACK_END                   
20001000  macAddress                    
20001006  nextPacketLsb                 
20001007  nextPacketMsb                 
20001008  sequenceId                    
20001009  dhcpEnabled                   
2000100a  ipAddress                     
2000100e  ipGwAddress                   
20001012  ipSubnetMask                  
20001018  errno                         
ffffffff  __TI_pprof_out_hndl           
ffffffff  __TI_prof_data_size           
ffffffff  __TI_prof_data_start          
ffffffff  __binit__                     
ffffffff  __c_args__                    
ffffffff  binit                         
UNDEFED   __mpu_init                    
UNDEFED   _system_post_cinit            

[178 symbols]
