******************************************************************************
                  TI ARM Linker PC v20.2.1                     
******************************************************************************
>> Linked Tue Mar 23 00:14:31 2021

OUTPUT FILE NAME:   <iot1.out>
ENTRY POINT SYMBOL: "_c_int00_noargs"  address: 00004e89


MEMORY CONFIGURATION

         name            origin    length      used     unused   attr    fill
----------------------  --------  ---------  --------  --------  ----  --------
  FLASH                 00000000   00040000  00005125  0003aedb  R  X
  SRAM                  20000000   00008000  00001024  00006fdc  RW X


SEGMENT ALLOCATION MAP

run origin  load origin   length   init length attrs members
----------  ----------- ---------- ----------- ----- -------
00000000    00000000    0000512c   0000512c    r-x
  00000000    00000000    0000026c   0000026c    r-- .intvecs
  0000026c    0000026c    00004d88   00004d88    r-x .text
  00004ff4    00004ff4    00000105   00000105    r-- .const
  00005100    00005100    0000002c   0000002c    r-- .cinit
20000000    20000000    00001024   00000000    rw-
  20000000    20000000    00001000   00000000    rw- .stack
  20001000    20001000    00000024   00000000    rw- .data


SECTION ALLOCATION MAP

 output                                  attributes/
section   page    origin      length       input sections
--------  ----  ----------  ----------   ----------------
.intvecs   0    00000000    0000026c     
                  00000000    0000026c     tm4c123gh6pm_startup_ccs.obj (.intvecs)

.text      0    0000026c    00004d88     
                  0000026c    00001528     eth0.obj (.text)
                  00001794    00000ba8     ethernet.obj (.text)
                  0000233c    00000a4e     rtsv7M4_T_le_v4SPD16_eabi.lib : _printfi.c.obj (.text:__TI_printfi)
                  00002d8a    00000002                                   : div0.asm.obj (.text)
                  00002d8c    000007c0     gpio.obj (.text)
                  0000354c    00000424     mqqt.obj (.text)
                  00003970    00000270     rtsv7M4_T_le_v4SPD16_eabi.lib : _printfi.c.obj (.text:_pconv_a)
                  00003be0    000001d0                                   : _printfi.c.obj (.text:_pconv_g)
                  00003db0    000001b6                                   : fd_add_t2.asm.obj (.text)
                  00003f66    00000002     --HOLE-- [fill = 0]
                  00003f68    00000160     spi0.obj (.text)
                  000040c8    0000013c     rtsv7M4_T_le_v4SPD16_eabi.lib : _printfi.c.obj (.text:_pconv_e)
                  00004204    00000136                                   : fd_div_t2.asm.obj (.text)
                  0000433a    00000002     --HOLE-- [fill = 0]
                  0000433c    00000124                                   : _printfi.c.obj (.text:fcvt)
                  00004460    00000124     uart0.obj (.text)
                  00004584    00000110     rtsv7M4_T_le_v4SPD16_eabi.lib : s_scalbn.c.obj (.text:scalbn)
                  00004694    000000fc                                   : fd_mul_t2.asm.obj (.text)
                  00004790    000000b1                                   : _printfi.c.obj (.text:_ltostr)
                  00004841    00000001     --HOLE-- [fill = 0]
                  00004842    0000009c                                   : memcpy_t2.asm.obj (.text)
                  000048de    00000096                                   : ull_div_t2.asm.obj (.text)
                  00004974    00000086                                   : fd_cmp_t2.asm.obj (.text:__aeabi_cdcmple)
                  000049fa    00000086                                   : fd_cmp_t2.asm.obj (.text:__aeabi_cdrcmple)
                  00004a80    0000007a                                   : memset_t2.asm.obj (.text)
                  00004afa    0000006e                                   : _printfi.c.obj (.text:_mcpy)
                  00004b68    00000068                                   : copy_decompress_lzss.c.obj (.text:decompress:lzss:__TI_decompress_lzss)
                  00004bd0    00000064                                   : s_frexp.c.obj (.text:frexp)
                  00004c34    00000056                                   : _printfi.c.obj (.text:_pconv_f)
                  00004c8a    00000054                                   : _ltoa.c.obj (.text:__TI_ltoa)
                  00004cde    00000052                                   : _printfi.c.obj (.text:_ecpy)
                  00004d30    0000004c                                   : atoi.c.obj (.text:atoi)
                  00004d7c    00000048                                   : fd_toi_t2.asm.obj (.text)
                  00004dc4    00000044                                   : autoinit.c.obj (.text:__TI_auto_init_nobinit_nopinit:__TI_auto_init_nobinit_nopinit)
                  00004e08    00000040                                   : sprintf.c.obj (.text:sprintf)
                  00004e48    0000003e                                   : _printfi.c.obj (.text:_fcpy)
                  00004e86    00000002     --HOLE-- [fill = 0]
                  00004e88    00000034                                   : boot_cortex_m.c.obj (.text:_c_int00_noargs:_c_int00_noargs)
                  00004ebc    0000002e                                   : i_tofd_t2.asm.obj (.text)
                  00004eea    00000024     wait.obj (.text)
                  00004f0e    0000001c     rtsv7M4_T_le_v4SPD16_eabi.lib : memccpy.c.obj (.text:memccpy)
                  00004f2a    0000001a                                   : s_copysign.c.obj (.text:copysign)
                  00004f44    00000018                                   : sprintf.c.obj (.text:_outs)
                  00004f5c    00000018                                   : strcmp.c.obj (.text:strcmp)
                  00004f74    00000016                                   : strchr.c.obj (.text:strchr)
                  00004f8a    00000014                                   : strlen.c.obj (.text:strlen)
                  00004f9e    00000012                                   : wcslen.c.obj (.text:wcslen)
                  00004fb0    00000010     clock.obj (.text)
                  00004fc0    0000000e     rtsv7M4_T_le_v4SPD16_eabi.lib : copy_decompress_none.c.obj (.text:decompress:none:__TI_decompress_none)
                  00004fce    0000000c     tm4c123gh6pm_startup_ccs.obj (.text)
                  00004fda    0000000a     rtsv7M4_T_le_v4SPD16_eabi.lib : sprintf.c.obj (.text:_outc)
                  00004fe4    00000008                                   : errno.c.obj (.text:__aeabi_errno_addr)
                  00004fec    00000004                                   : pre_init.c.obj (.text:_system_pre_init)
                  00004ff0    00000004                                   : exit.c.obj (.text:abort:abort)

.const     0    00004ff4    00000105     
                  00004ff4    00000101     rtsv7M4_T_le_v4SPD16_eabi.lib : ctype.c.obj (.const:.string:_ctypes_)
                  000050f5    00000004     mqqt.obj (.const:.string:$P$T0$1)

.cinit     0    00005100    0000002c     
                  00005100    0000001a     (.cinit..data.load) [load image, compression = lzss]
                  0000511a    00000002     --HOLE-- [fill = 0]
                  0000511c    00000008     (__TI_handler_table)
                  00005124    00000008     (__TI_cinit_table)

.init_array 
*          0    00000000    00000000     UNINITIALIZED

.data      0    20001000    00000024     UNINITIALIZED
                  20001000    00000009     ethernet.obj (.data)
                  20001009    00000006     eth0.obj (.data:macAddress)
                  2000100f    00000004     eth0.obj (.data)
                  20001013    00000004     eth0.obj (.data:ipAddress)
                  20001017    00000004     eth0.obj (.data:ipGwAddress)
                  2000101b    00000004     eth0.obj (.data:ipSubnetMask)
                  2000101f    00000001     --HOLE--
                  20001020    00000004     rtsv7M4_T_le_v4SPD16_eabi.lib : errno.c.obj (.data)

.stack     0    20000000    00001000     UNINITIALIZED
                  20000000    00000004     rtsv7M4_T_le_v4SPD16_eabi.lib : boot_cortex_m.c.obj (.stack)
                  20000004    00000ffc     --HOLE--

__llvm_prf_cnts 
*          0    20000000    00000000     UNINITIALIZED

MODULE SUMMARY

       Module                         code    ro data   rw data
       ------                         ----    -------   -------
    .\
       eth0.obj                       5416    0         22     
       ethernet.obj                   2984    0         9      
       gpio.obj                       1984    0         0      
       mqqt.obj                       1060    4         0      
       tm4c123gh6pm_startup_ccs.obj   12      620       0      
       spi0.obj                       352     0         0      
       uart0.obj                      292     0         0      
       wait.obj                       36      0         0      
       clock.obj                      16      0         0      
    +--+------------------------------+-------+---------+---------+
       Total:                         12152   624       31     
                                                               
    C:\ti\ccs1011\ccs\tools\compiler\ti-cgt-arm_20.2.1.LTS\lib\rtsv7M4_T_le_v4SPD16_eabi.lib
       _printfi.c.obj                 4851    0         0      
       fd_add_t2.asm.obj              438     0         0      
       fd_div_t2.asm.obj              310     0         0      
       s_scalbn.c.obj                 272     0         0      
       fd_cmp_t2.asm.obj              268     0         0      
       ctype.c.obj                    0       257       0      
       fd_mul_t2.asm.obj              252     0         0      
       memcpy_t2.asm.obj              156     0         0      
       ull_div_t2.asm.obj             150     0         0      
       memset_t2.asm.obj              122     0         0      
       copy_decompress_lzss.c.obj     104     0         0      
       s_frexp.c.obj                  100     0         0      
       sprintf.c.obj                  98      0         0      
       _ltoa.c.obj                    84      0         0      
       atoi.c.obj                     76      0         0      
       fd_toi_t2.asm.obj              72      0         0      
       autoinit.c.obj                 68      0         0      
       boot_cortex_m.c.obj            52      0         0      
       i_tofd_t2.asm.obj              46      0         0      
       memccpy.c.obj                  28      0         0      
       s_copysign.c.obj               26      0         0      
       strcmp.c.obj                   24      0         0      
       strchr.c.obj                   22      0         0      
       strlen.c.obj                   20      0         0      
       wcslen.c.obj                   18      0         0      
       copy_decompress_none.c.obj     14      0         0      
       errno.c.obj                    8       0         4      
       exit.c.obj                     4       0         0      
       pre_init.c.obj                 4       0         0      
       div0.asm.obj                   2       0         0      
    +--+------------------------------+-------+---------+---------+
       Total:                         7689    257       4      
                                                               
       Stack:                         0       0         4096   
       Linker Generated:              0       42        0      
    +--+------------------------------+-------+---------+---------+
       Grand Total:                   19841   923       4131   


LINKER GENERATED COPY TABLES

__TI_cinit_table @ 00005124 records: 1, size/record: 8, table size: 8
	.data: load addr=00005100, load size=0000001a bytes, run addr=20001000, run size=00000024 bytes, compression=lzss


LINKER GENERATED HANDLER TABLE

__TI_handler_table @ 0000511c records: 2, size/record: 4, table size: 8
	index: 0, handler: __TI_decompress_lzss
	index: 1, handler: __TI_decompress_none


GLOBAL SYMBOLS: SORTED ALPHABETICALLY BY Name 

address   name                          
-------   ----                          
00004ff1  C$$EXIT                       
00004fcf  ResetISR                      
20001000  __STACK_END                   
00001000  __STACK_SIZE                  
20000200  __STACK_TOP                   
00005124  __TI_CINIT_Base               
0000512c  __TI_CINIT_Limit              
0000511c  __TI_Handler_Table_Base       
00005124  __TI_Handler_Table_Limit      
00004dc5  __TI_auto_init_nobinit_nopinit
00004b69  __TI_decompress_lzss          
00004fc1  __TI_decompress_none          
00004c8b  __TI_ltoa                     
ffffffff  __TI_pprof_out_hndl           
0000233d  __TI_printfi                  
ffffffff  __TI_prof_data_size           
ffffffff  __TI_prof_data_start          
00000000  __TI_static_base__            
00004975  __aeabi_cdcmpeq               
00004975  __aeabi_cdcmple               
000049fb  __aeabi_cdrcmple              
00004d7d  __aeabi_d2iz                  
00003dbb  __aeabi_dadd                  
00004205  __aeabi_ddiv                  
00004695  __aeabi_dmul                  
00003db1  __aeabi_dsub                  
00004fe5  __aeabi_errno_addr            
00004ebd  __aeabi_i2d                   
00002d8b  __aeabi_idiv0                 
00002d8b  __aeabi_ldiv0                 
00004a81  __aeabi_memclr                
00004a81  __aeabi_memclr4               
00004a81  __aeabi_memclr8               
00004843  __aeabi_memcpy                
00004843  __aeabi_memcpy4               
00004843  __aeabi_memcpy8               
00004a83  __aeabi_memset                
00004a83  __aeabi_memset4               
00004a83  __aeabi_memset8               
000048df  __aeabi_uldivmod              
ffffffff  __binit__                     
ffffffff  __c_args__                    
UNDEFED   __mpu_init                    
20000000  __stack                       
20000000  __start___llvm_prf_cnts       
20000000  __stop___llvm_prf_cnts        
00004e89  _c_int00_noargs               
00004ff4  _ctypes_                      
UNDEFED   _system_post_cinit            
00004fed  _system_pre_init              
20001004  aNum                          
00004ff1  abort                         
00001b77  alphabetToInteger             
00004d31  atoi                          
ffffffff  binit                         
20001008  check                         
00004f2b  copysign                      
00004f2b  copysignl                     
20001012  dhcpEnabled                   
000033bd  disablePinInterrupt           
000030f5  disablePinPulldown            
000030ad  disablePinPullup              
00002e49  disablePort                   
000017c9  displayConnectionInfo         
00003399  enablePinInterrupt            
000030d1  enablePinPulldown             
0000307f  enablePinPullup               
00002d8d  enablePort                    
20001020  errno                         
0000093d  etherCalcIpChecksum           
0000032b  etherClearReg                 
00000283  etherCsOff                    
0000026d  etherCsOn                     
00001537  etherDisableDhcpMode          
0000152f  etherEnableDhcpMode           
00001519  etherGetId                    
000015a9  etherGetIpAddress             
0000168d  etherGetIpGatewayAddress      
0000161b  etherGetIpSubnetMask          
00001709  etherGetMacAddress            
000006a3  etherGetPacket                
0000134b  etherGetUdpData               
00001525  etherIncId                    
00000477  etherInit                     
00000cf7  etherIsArpRequest             
00000d9d  etherIsArpResponse            
00000659  etherIsDataAvailable          
0000153f  etherIsDhcpEnabled            
000009cd  etherIsIp                     
00000a3d  etherIsIpUnicast              
00001545  etherIsIpValid                
0000063f  etherIsLinkUp                 
00000673  etherIsOverflow               
00000b9b  etherIsPingRequest            
00000aa1  etherIsTcpResponse            
000012a3  etherIsUdp                    
00000795  etherPutPacket                
0000045f  etherReadMem                  
0000044d  etherReadMemStart             
0000046f  etherReadMemStop              
000003b3  etherReadPhy                  
000002c5  etherReadReg                  
00001195  etherSendArpRequest           
000010c5  etherSendArpResponse          
00000be7  etherSendPingResponse         
00000e3b  etherSendTCP                  
0000137d  etherSendUdpResponse          
0000035f  etherSetBank                  
00001571  etherSetIpAddress             
00001655  etherSetIpGatewayAddress      
000015e3  etherSetIpSubnetMask          
000016c7  etherSetMacAddress            
000002f7  etherSetReg                   
0000087b  etherSumWords                 
00000431  etherWriteMem                 
0000041f  etherWriteMemStart            
00000445  etherWriteMemStop             
0000037b  etherWritePhy                 
00000291  etherWriteReg                 
00004bd1  frexp                         
00004bd1  frexpl                        
00000000  g_pfnVectors                  
0000362d  getConnectPacket              
00000901  getEtherChecksum              
00001c7d  getFieldInteger               
00001b27  getFieldString                
00003607  getMQTTPacket                 
00003407  getPinValue                   
000034bd  getPortValue                  
00003749  getPublishPacket              
000035b7  getRemLength                  
00003877  getSubscribePacket            
00004533  getcUart0                     
00001953  getsUart0                     
0000354d  getutf8Encoding               
00000999  htonl                         
00000975  htons                         
00001795  initHw                        
00003f69  initSpi0                      
00004fb1  initSystemClockTo40Mhz        
00004461  initUart0                     
20001013  ipAddress                     
20001017  ipGwAddress                   
2000101b  ipSubnetMask                  
00001cb7  isCommand                     
00004547  kbhitUart0                    
00004585  ldexp                         
00004585  ldexpl                        
20001009  macAddress                    
00001ce9  main                          
00004f0f  memccpy                       
00004843  memcpy                        
00004a89  memset                        
2000100f  nextPacketLsb                 
20001010  nextPacketMsb                 
000019e5  parseFields                   
000044eb  putcUart0                     
00004507  putsUart0                     
000040a1  readSpi0Data                  
20001000  sNum                          
00004585  scalbn                        
00004585  scalbnl                       
00002fb3  selectPinAnalogInput          
00002f65  selectPinDigitalInput         
000032cf  selectPinInterruptBothEdges   
0000327f  selectPinInterruptFallingEdge 
00003325  selectPinInterruptHighLevel   
0000335f  selectPinInterruptLowLevel    
0000322f  selectPinInterruptRisingEdge  
00002f17  selectPinOpenDrainOutput      
00002ec9  selectPinPushPullOutput       
20001011  sequenceId                    
0000311d  setPinAuxFunction             
00003003  setPinCommitControl           
000033e1  setPinValue                   
00003439  setPortValue                  
00004005  setSpi0BaudRate               
0000403b  setSpi0Mode                   
000044ab  setUart0BaudRate              
00004e09  sprintf                       
00004f75  strchr                        
00004f5d  strcmp                        
00001be1  stringCompare                 
00004f8b  strlen                        
00004eeb  waitMicrosecond               
00004f9f  wcslen                        
00004089  writeSpi0Data                 


GLOBAL SYMBOLS: SORTED BY Symbol Address 

address   name                          
-------   ----                          
00000000  __TI_static_base__            
00000000  g_pfnVectors                  
0000026d  etherCsOn                     
00000283  etherCsOff                    
00000291  etherWriteReg                 
000002c5  etherReadReg                  
000002f7  etherSetReg                   
0000032b  etherClearReg                 
0000035f  etherSetBank                  
0000037b  etherWritePhy                 
000003b3  etherReadPhy                  
0000041f  etherWriteMemStart            
00000431  etherWriteMem                 
00000445  etherWriteMemStop             
0000044d  etherReadMemStart             
0000045f  etherReadMem                  
0000046f  etherReadMemStop              
00000477  etherInit                     
0000063f  etherIsLinkUp                 
00000659  etherIsDataAvailable          
00000673  etherIsOverflow               
000006a3  etherGetPacket                
00000795  etherPutPacket                
0000087b  etherSumWords                 
00000901  getEtherChecksum              
0000093d  etherCalcIpChecksum           
00000975  htons                         
00000999  htonl                         
000009cd  etherIsIp                     
00000a3d  etherIsIpUnicast              
00000aa1  etherIsTcpResponse            
00000b9b  etherIsPingRequest            
00000be7  etherSendPingResponse         
00000cf7  etherIsArpRequest             
00000d9d  etherIsArpResponse            
00000e3b  etherSendTCP                  
00001000  __STACK_SIZE                  
000010c5  etherSendArpResponse          
00001195  etherSendArpRequest           
000012a3  etherIsUdp                    
0000134b  etherGetUdpData               
0000137d  etherSendUdpResponse          
00001519  etherGetId                    
00001525  etherIncId                    
0000152f  etherEnableDhcpMode           
00001537  etherDisableDhcpMode          
0000153f  etherIsDhcpEnabled            
00001545  etherIsIpValid                
00001571  etherSetIpAddress             
000015a9  etherGetIpAddress             
000015e3  etherSetIpSubnetMask          
0000161b  etherGetIpSubnetMask          
00001655  etherSetIpGatewayAddress      
0000168d  etherGetIpGatewayAddress      
000016c7  etherSetMacAddress            
00001709  etherGetMacAddress            
00001795  initHw                        
000017c9  displayConnectionInfo         
00001953  getsUart0                     
000019e5  parseFields                   
00001b27  getFieldString                
00001b77  alphabetToInteger             
00001be1  stringCompare                 
00001c7d  getFieldInteger               
00001cb7  isCommand                     
00001ce9  main                          
0000233d  __TI_printfi                  
00002d8b  __aeabi_idiv0                 
00002d8b  __aeabi_ldiv0                 
00002d8d  enablePort                    
00002e49  disablePort                   
00002ec9  selectPinPushPullOutput       
00002f17  selectPinOpenDrainOutput      
00002f65  selectPinDigitalInput         
00002fb3  selectPinAnalogInput          
00003003  setPinCommitControl           
0000307f  enablePinPullup               
000030ad  disablePinPullup              
000030d1  enablePinPulldown             
000030f5  disablePinPulldown            
0000311d  setPinAuxFunction             
0000322f  selectPinInterruptRisingEdge  
0000327f  selectPinInterruptFallingEdge 
000032cf  selectPinInterruptBothEdges   
00003325  selectPinInterruptHighLevel   
0000335f  selectPinInterruptLowLevel    
00003399  enablePinInterrupt            
000033bd  disablePinInterrupt           
000033e1  setPinValue                   
00003407  getPinValue                   
00003439  setPortValue                  
000034bd  getPortValue                  
0000354d  getutf8Encoding               
000035b7  getRemLength                  
00003607  getMQTTPacket                 
0000362d  getConnectPacket              
00003749  getPublishPacket              
00003877  getSubscribePacket            
00003db1  __aeabi_dsub                  
00003dbb  __aeabi_dadd                  
00003f69  initSpi0                      
00004005  setSpi0BaudRate               
0000403b  setSpi0Mode                   
00004089  writeSpi0Data                 
000040a1  readSpi0Data                  
00004205  __aeabi_ddiv                  
00004461  initUart0                     
000044ab  setUart0BaudRate              
000044eb  putcUart0                     
00004507  putsUart0                     
00004533  getcUart0                     
00004547  kbhitUart0                    
00004585  ldexp                         
00004585  ldexpl                        
00004585  scalbn                        
00004585  scalbnl                       
00004695  __aeabi_dmul                  
00004843  __aeabi_memcpy                
00004843  __aeabi_memcpy4               
00004843  __aeabi_memcpy8               
00004843  memcpy                        
000048df  __aeabi_uldivmod              
00004975  __aeabi_cdcmpeq               
00004975  __aeabi_cdcmple               
000049fb  __aeabi_cdrcmple              
00004a81  __aeabi_memclr                
00004a81  __aeabi_memclr4               
00004a81  __aeabi_memclr8               
00004a83  __aeabi_memset                
00004a83  __aeabi_memset4               
00004a83  __aeabi_memset8               
00004a89  memset                        
00004b69  __TI_decompress_lzss          
00004bd1  frexp                         
00004bd1  frexpl                        
00004c8b  __TI_ltoa                     
00004d31  atoi                          
00004d7d  __aeabi_d2iz                  
00004dc5  __TI_auto_init_nobinit_nopinit
00004e09  sprintf                       
00004e89  _c_int00_noargs               
00004ebd  __aeabi_i2d                   
00004eeb  waitMicrosecond               
00004f0f  memccpy                       
00004f2b  copysign                      
00004f2b  copysignl                     
00004f5d  strcmp                        
00004f75  strchr                        
00004f8b  strlen                        
00004f9f  wcslen                        
00004fb1  initSystemClockTo40Mhz        
00004fc1  __TI_decompress_none          
00004fcf  ResetISR                      
00004fe5  __aeabi_errno_addr            
00004fed  _system_pre_init              
00004ff1  C$$EXIT                       
00004ff1  abort                         
00004ff4  _ctypes_                      
0000511c  __TI_Handler_Table_Base       
00005124  __TI_CINIT_Base               
00005124  __TI_Handler_Table_Limit      
0000512c  __TI_CINIT_Limit              
20000000  __stack                       
20000000  __start___llvm_prf_cnts       
20000000  __stop___llvm_prf_cnts        
20000200  __STACK_TOP                   
20001000  __STACK_END                   
20001000  sNum                          
20001004  aNum                          
20001008  check                         
20001009  macAddress                    
2000100f  nextPacketLsb                 
20001010  nextPacketMsb                 
20001011  sequenceId                    
20001012  dhcpEnabled                   
20001013  ipAddress                     
20001017  ipGwAddress                   
2000101b  ipSubnetMask                  
20001020  errno                         
ffffffff  __TI_pprof_out_hndl           
ffffffff  __TI_prof_data_size           
ffffffff  __TI_prof_data_start          
ffffffff  __binit__                     
ffffffff  __c_args__                    
ffffffff  binit                         
UNDEFED   __mpu_init                    
UNDEFED   _system_post_cinit            

[187 symbols]
