******************************************************************************
                  TI ARM Linker PC v20.2.1                     
******************************************************************************
>> Linked Sun Mar 21 22:56:19 2021

OUTPUT FILE NAME:   <iot1.out>
ENTRY POINT SYMBOL: "_c_int00_noargs"  address: 00004ee1


MEMORY CONFIGURATION

         name            origin    length      used     unused   attr    fill
----------------------  --------  ---------  --------  --------  ----  --------
  FLASH                 00000000   00040000  0000517d  0003ae83  R  X
  SRAM                  20000000   00008000  00001024  00006fdc  RW X


SEGMENT ALLOCATION MAP

run origin  load origin   length   init length attrs members
----------  ----------- ---------- ----------- ----- -------
00000000    00000000    00005184   00005184    r-x
  00000000    00000000    0000026c   0000026c    r-- .intvecs
  0000026c    0000026c    00004de0   00004de0    r-x .text
  0000504c    0000504c    00000105   00000105    r-- .const
  00005158    00005158    0000002c   0000002c    r-- .cinit
20000000    20000000    00001024   00000000    rw-
  20000000    20000000    00001000   00000000    rw- .stack
  20001000    20001000    00000024   00000000    rw- .data


SECTION ALLOCATION MAP

 output                                  attributes/
section   page    origin      length       input sections
--------  ----  ----------  ----------   ----------------
.intvecs   0    00000000    0000026c     
                  00000000    0000026c     tm4c123gh6pm_startup_ccs.obj (.intvecs)

.text      0    0000026c    00004de0     
                  0000026c    00001528     eth0.obj (.text)
                  00001794    00000c0c     ethernet.obj (.text)
                  000023a0    00000a4e     rtsv7M4_T_le_v4SPD16_eabi.lib : _printfi.c.obj (.text:__TI_printfi)
                  00002dee    00000002                                   : div0.asm.obj (.text)
                  00002df0    000007c0     gpio.obj (.text)
                  000035b0    00000418     mqqt.obj (.text)
                  000039c8    00000270     rtsv7M4_T_le_v4SPD16_eabi.lib : _printfi.c.obj (.text:_pconv_a)
                  00003c38    000001d0                                   : _printfi.c.obj (.text:_pconv_g)
                  00003e08    000001b6                                   : fd_add_t2.asm.obj (.text)
                  00003fbe    00000002     --HOLE-- [fill = 0]
                  00003fc0    00000160     spi0.obj (.text)
                  00004120    0000013c     rtsv7M4_T_le_v4SPD16_eabi.lib : _printfi.c.obj (.text:_pconv_e)
                  0000425c    00000136                                   : fd_div_t2.asm.obj (.text)
                  00004392    00000002     --HOLE-- [fill = 0]
                  00004394    00000124                                   : _printfi.c.obj (.text:fcvt)
                  000044b8    00000124     uart0.obj (.text)
                  000045dc    00000110     rtsv7M4_T_le_v4SPD16_eabi.lib : s_scalbn.c.obj (.text:scalbn)
                  000046ec    000000fc                                   : fd_mul_t2.asm.obj (.text)
                  000047e8    000000b1                                   : _printfi.c.obj (.text:_ltostr)
                  00004899    00000001     --HOLE-- [fill = 0]
                  0000489a    0000009c                                   : memcpy_t2.asm.obj (.text)
                  00004936    00000096                                   : ull_div_t2.asm.obj (.text)
                  000049cc    00000086                                   : fd_cmp_t2.asm.obj (.text:__aeabi_cdcmple)
                  00004a52    00000086                                   : fd_cmp_t2.asm.obj (.text:__aeabi_cdrcmple)
                  00004ad8    0000007a                                   : memset_t2.asm.obj (.text)
                  00004b52    0000006e                                   : _printfi.c.obj (.text:_mcpy)
                  00004bc0    00000068                                   : copy_decompress_lzss.c.obj (.text:decompress:lzss:__TI_decompress_lzss)
                  00004c28    00000064                                   : s_frexp.c.obj (.text:frexp)
                  00004c8c    00000056                                   : _printfi.c.obj (.text:_pconv_f)
                  00004ce2    00000054                                   : _ltoa.c.obj (.text:__TI_ltoa)
                  00004d36    00000052                                   : _printfi.c.obj (.text:_ecpy)
                  00004d88    0000004c                                   : atoi.c.obj (.text:atoi)
                  00004dd4    00000048                                   : fd_toi_t2.asm.obj (.text)
                  00004e1c    00000044                                   : autoinit.c.obj (.text:__TI_auto_init_nobinit_nopinit:__TI_auto_init_nobinit_nopinit)
                  00004e60    00000040                                   : sprintf.c.obj (.text:sprintf)
                  00004ea0    0000003e                                   : _printfi.c.obj (.text:_fcpy)
                  00004ede    00000002     --HOLE-- [fill = 0]
                  00004ee0    00000034                                   : boot_cortex_m.c.obj (.text:_c_int00_noargs:_c_int00_noargs)
                  00004f14    0000002e                                   : i_tofd_t2.asm.obj (.text)
                  00004f42    00000024     wait.obj (.text)
                  00004f66    0000001c     rtsv7M4_T_le_v4SPD16_eabi.lib : memccpy.c.obj (.text:memccpy)
                  00004f82    0000001a                                   : s_copysign.c.obj (.text:copysign)
                  00004f9c    00000018                                   : sprintf.c.obj (.text:_outs)
                  00004fb4    00000018                                   : strcmp.c.obj (.text:strcmp)
                  00004fcc    00000016                                   : strchr.c.obj (.text:strchr)
                  00004fe2    00000014                                   : strlen.c.obj (.text:strlen)
                  00004ff6    00000012                                   : wcslen.c.obj (.text:wcslen)
                  00005008    00000010     clock.obj (.text)
                  00005018    0000000e     rtsv7M4_T_le_v4SPD16_eabi.lib : copy_decompress_none.c.obj (.text:decompress:none:__TI_decompress_none)
                  00005026    0000000c     tm4c123gh6pm_startup_ccs.obj (.text)
                  00005032    0000000a     rtsv7M4_T_le_v4SPD16_eabi.lib : sprintf.c.obj (.text:_outc)
                  0000503c    00000008                                   : errno.c.obj (.text:__aeabi_errno_addr)
                  00005044    00000004                                   : pre_init.c.obj (.text:_system_pre_init)
                  00005048    00000004                                   : exit.c.obj (.text:abort:abort)

.const     0    0000504c    00000105     
                  0000504c    00000101     rtsv7M4_T_le_v4SPD16_eabi.lib : ctype.c.obj (.const:.string:_ctypes_)
                  0000514d    00000004     mqqt.obj (.const:.string:$P$T0$1)

.cinit     0    00005158    0000002c     
                  00005158    0000001a     (.cinit..data.load) [load image, compression = lzss]
                  00005172    00000002     --HOLE-- [fill = 0]
                  00005174    00000008     (__TI_handler_table)
                  0000517c    00000008     (__TI_cinit_table)

.init_array 
*          0    00000000    00000000     UNINITIALIZED

.data      0    20001000    00000024     UNINITIALIZED
                  20001000    00000009     ethernet.obj (.data)
                  20001009    00000006     eth0.obj (.data:macAddress)
                  2000100f    00000004     eth0.obj (.data)
                  20001013    00000004     eth0.obj (.data:ipAddress)
                  20001017    00000004     eth0.obj (.data:ipGwAddress)
                  2000101b    00000004     eth0.obj (.data:ipSubnetMask)
                  2000101f    00000001     --HOLE--
                  20001020    00000004     rtsv7M4_T_le_v4SPD16_eabi.lib : errno.c.obj (.data)

.stack     0    20000000    00001000     UNINITIALIZED
                  20000000    00000004     rtsv7M4_T_le_v4SPD16_eabi.lib : boot_cortex_m.c.obj (.stack)
                  20000004    00000ffc     --HOLE--

__llvm_prf_cnts 
*          0    20000000    00000000     UNINITIALIZED

MODULE SUMMARY

       Module                         code    ro data   rw data
       ------                         ----    -------   -------
    .\
       eth0.obj                       5416    0         22     
       ethernet.obj                   3084    0         9      
       gpio.obj                       1984    0         0      
       mqqt.obj                       1048    4         0      
       tm4c123gh6pm_startup_ccs.obj   12      620       0      
       spi0.obj                       352     0         0      
       uart0.obj                      292     0         0      
       wait.obj                       36      0         0      
       clock.obj                      16      0         0      
    +--+------------------------------+-------+---------+---------+
       Total:                         12240   624       31     
                                                               
    C:\ti\ccs1011\ccs\tools\compiler\ti-cgt-arm_20.2.1.LTS\lib\rtsv7M4_T_le_v4SPD16_eabi.lib
       _printfi.c.obj                 4851    0         0      
       fd_add_t2.asm.obj              438     0         0      
       fd_div_t2.asm.obj              310     0         0      
       s_scalbn.c.obj                 272     0         0      
       fd_cmp_t2.asm.obj              268     0         0      
       ctype.c.obj                    0       257       0      
       fd_mul_t2.asm.obj              252     0         0      
       memcpy_t2.asm.obj              156     0         0      
       ull_div_t2.asm.obj             150     0         0      
       memset_t2.asm.obj              122     0         0      
       copy_decompress_lzss.c.obj     104     0         0      
       s_frexp.c.obj                  100     0         0      
       sprintf.c.obj                  98      0         0      
       _ltoa.c.obj                    84      0         0      
       atoi.c.obj                     76      0         0      
       fd_toi_t2.asm.obj              72      0         0      
       autoinit.c.obj                 68      0         0      
       boot_cortex_m.c.obj            52      0         0      
       i_tofd_t2.asm.obj              46      0         0      
       memccpy.c.obj                  28      0         0      
       s_copysign.c.obj               26      0         0      
       strcmp.c.obj                   24      0         0      
       strchr.c.obj                   22      0         0      
       strlen.c.obj                   20      0         0      
       wcslen.c.obj                   18      0         0      
       copy_decompress_none.c.obj     14      0         0      
       errno.c.obj                    8       0         4      
       exit.c.obj                     4       0         0      
       pre_init.c.obj                 4       0         0      
       div0.asm.obj                   2       0         0      
    +--+------------------------------+-------+---------+---------+
       Total:                         7689    257       4      
                                                               
       Stack:                         0       0         4096   
       Linker Generated:              0       42        0      
    +--+------------------------------+-------+---------+---------+
       Grand Total:                   19929   923       4131   


LINKER GENERATED COPY TABLES

__TI_cinit_table @ 0000517c records: 1, size/record: 8, table size: 8
	.data: load addr=00005158, load size=0000001a bytes, run addr=20001000, run size=00000024 bytes, compression=lzss


LINKER GENERATED HANDLER TABLE

__TI_handler_table @ 00005174 records: 2, size/record: 4, table size: 8
	index: 0, handler: __TI_decompress_lzss
	index: 1, handler: __TI_decompress_none


GLOBAL SYMBOLS: SORTED ALPHABETICALLY BY Name 

address   name                          
-------   ----                          
00005049  C$$EXIT                       
00005027  ResetISR                      
20001000  __STACK_END                   
00001000  __STACK_SIZE                  
20000200  __STACK_TOP                   
0000517c  __TI_CINIT_Base               
00005184  __TI_CINIT_Limit              
00005174  __TI_Handler_Table_Base       
0000517c  __TI_Handler_Table_Limit      
00004e1d  __TI_auto_init_nobinit_nopinit
00004bc1  __TI_decompress_lzss          
00005019  __TI_decompress_none          
00004ce3  __TI_ltoa                     
ffffffff  __TI_pprof_out_hndl           
000023a1  __TI_printfi                  
ffffffff  __TI_prof_data_size           
ffffffff  __TI_prof_data_start          
00000000  __TI_static_base__            
000049cd  __aeabi_cdcmpeq               
000049cd  __aeabi_cdcmple               
00004a53  __aeabi_cdrcmple              
00004dd5  __aeabi_d2iz                  
00003e13  __aeabi_dadd                  
0000425d  __aeabi_ddiv                  
000046ed  __aeabi_dmul                  
00003e09  __aeabi_dsub                  
0000503d  __aeabi_errno_addr            
00004f15  __aeabi_i2d                   
00002def  __aeabi_idiv0                 
00002def  __aeabi_ldiv0                 
00004ad9  __aeabi_memclr                
00004ad9  __aeabi_memclr4               
00004ad9  __aeabi_memclr8               
0000489b  __aeabi_memcpy                
0000489b  __aeabi_memcpy4               
0000489b  __aeabi_memcpy8               
00004adb  __aeabi_memset                
00004adb  __aeabi_memset4               
00004adb  __aeabi_memset8               
00004937  __aeabi_uldivmod              
ffffffff  __binit__                     
ffffffff  __c_args__                    
UNDEFED   __mpu_init                    
20000000  __stack                       
20000000  __start___llvm_prf_cnts       
20000000  __stop___llvm_prf_cnts        
00004ee1  _c_int00_noargs               
0000504c  _ctypes_                      
UNDEFED   _system_post_cinit            
00005045  _system_pre_init              
20001004  aNum                          
00005049  abort                         
00001b77  alphabetToInteger             
00004d89  atoi                          
ffffffff  binit                         
20001008  check                         
00004f83  copysign                      
00004f83  copysignl                     
20001012  dhcpEnabled                   
00003421  disablePinInterrupt           
00003159  disablePinPulldown            
00003111  disablePinPullup              
00002ead  disablePort                   
000017c9  displayConnectionInfo         
000033fd  enablePinInterrupt            
00003135  enablePinPulldown             
000030e3  enablePinPullup               
00002df1  enablePort                    
20001020  errno                         
0000093d  etherCalcIpChecksum           
0000032b  etherClearReg                 
00000283  etherCsOff                    
0000026d  etherCsOn                     
00001537  etherDisableDhcpMode          
0000152f  etherEnableDhcpMode           
00001519  etherGetId                    
000015a9  etherGetIpAddress             
0000168d  etherGetIpGatewayAddress      
0000161b  etherGetIpSubnetMask          
00001709  etherGetMacAddress            
000006a3  etherGetPacket                
0000134b  etherGetUdpData               
00001525  etherIncId                    
00000477  etherInit                     
00000cf7  etherIsArpRequest             
00000d9d  etherIsArpResponse            
00000659  etherIsDataAvailable          
0000153f  etherIsDhcpEnabled            
000009cd  etherIsIp                     
00000a3d  etherIsIpUnicast              
00001545  etherIsIpValid                
0000063f  etherIsLinkUp                 
00000673  etherIsOverflow               
00000b9b  etherIsPingRequest            
00000aa1  etherIsTcpResponse            
000012a3  etherIsUdp                    
00000795  etherPutPacket                
0000045f  etherReadMem                  
0000044d  etherReadMemStart             
0000046f  etherReadMemStop              
000003b3  etherReadPhy                  
000002c5  etherReadReg                  
00001195  etherSendArpRequest           
000010c5  etherSendArpResponse          
00000be7  etherSendPingResponse         
00000e3b  etherSendTCP                  
0000137d  etherSendUdpResponse          
0000035f  etherSetBank                  
00001571  etherSetIpAddress             
00001655  etherSetIpGatewayAddress      
000015e3  etherSetIpSubnetMask          
000016c7  etherSetMacAddress            
000002f7  etherSetReg                   
0000087b  etherSumWords                 
00000431  etherWriteMem                 
0000041f  etherWriteMemStart            
00000445  etherWriteMemStop             
0000037b  etherWritePhy                 
00000291  etherWriteReg                 
00004c29  frexp                         
00004c29  frexpl                        
00000000  g_pfnVectors                  
00003691  getConnectPacket              
00000901  getEtherChecksum              
00001c7d  getFieldInteger               
00001b27  getFieldString                
0000366b  getMQTTPacket                 
0000346b  getPinValue                   
00003521  getPortValue                  
0000379b  getPublishPacket              
0000361b  getRemLength                  
000038eb  getSubscribePacket            
0000458b  getcUart0                     
00001953  getsUart0                     
000035b1  getutf8Encoding               
00000999  htonl                         
00000975  htons                         
00001795  initHw                        
00003fc1  initSpi0                      
00005009  initSystemClockTo40Mhz        
000044b9  initUart0                     
20001013  ipAddress                     
20001017  ipGwAddress                   
2000101b  ipSubnetMask                  
00001cb7  isCommand                     
0000459f  kbhitUart0                    
000045dd  ldexp                         
000045dd  ldexpl                        
20001009  macAddress                    
00001ce9  main                          
00004f67  memccpy                       
0000489b  memcpy                        
00004ae1  memset                        
2000100f  nextPacketLsb                 
20001010  nextPacketMsb                 
000019e5  parseFields                   
00004543  putcUart0                     
0000455f  putsUart0                     
000040f9  readSpi0Data                  
20001000  sNum                          
000045dd  scalbn                        
000045dd  scalbnl                       
00003017  selectPinAnalogInput          
00002fc9  selectPinDigitalInput         
00003333  selectPinInterruptBothEdges   
000032e3  selectPinInterruptFallingEdge 
00003389  selectPinInterruptHighLevel   
000033c3  selectPinInterruptLowLevel    
00003293  selectPinInterruptRisingEdge  
00002f7b  selectPinOpenDrainOutput      
00002f2d  selectPinPushPullOutput       
20001011  sequenceId                    
00003181  setPinAuxFunction             
00003067  setPinCommitControl           
00003445  setPinValue                   
0000349d  setPortValue                  
0000405d  setSpi0BaudRate               
00004093  setSpi0Mode                   
00004503  setUart0BaudRate              
00004e61  sprintf                       
00004fcd  strchr                        
00004fb5  strcmp                        
00001be1  stringCompare                 
00004fe3  strlen                        
00004f43  waitMicrosecond               
00004ff7  wcslen                        
000040e1  writeSpi0Data                 


GLOBAL SYMBOLS: SORTED BY Symbol Address 

address   name                          
-------   ----                          
00000000  __TI_static_base__            
00000000  g_pfnVectors                  
0000026d  etherCsOn                     
00000283  etherCsOff                    
00000291  etherWriteReg                 
000002c5  etherReadReg                  
000002f7  etherSetReg                   
0000032b  etherClearReg                 
0000035f  etherSetBank                  
0000037b  etherWritePhy                 
000003b3  etherReadPhy                  
0000041f  etherWriteMemStart            
00000431  etherWriteMem                 
00000445  etherWriteMemStop             
0000044d  etherReadMemStart             
0000045f  etherReadMem                  
0000046f  etherReadMemStop              
00000477  etherInit                     
0000063f  etherIsLinkUp                 
00000659  etherIsDataAvailable          
00000673  etherIsOverflow               
000006a3  etherGetPacket                
00000795  etherPutPacket                
0000087b  etherSumWords                 
00000901  getEtherChecksum              
0000093d  etherCalcIpChecksum           
00000975  htons                         
00000999  htonl                         
000009cd  etherIsIp                     
00000a3d  etherIsIpUnicast              
00000aa1  etherIsTcpResponse            
00000b9b  etherIsPingRequest            
00000be7  etherSendPingResponse         
00000cf7  etherIsArpRequest             
00000d9d  etherIsArpResponse            
00000e3b  etherSendTCP                  
00001000  __STACK_SIZE                  
000010c5  etherSendArpResponse          
00001195  etherSendArpRequest           
000012a3  etherIsUdp                    
0000134b  etherGetUdpData               
0000137d  etherSendUdpResponse          
00001519  etherGetId                    
00001525  etherIncId                    
0000152f  etherEnableDhcpMode           
00001537  etherDisableDhcpMode          
0000153f  etherIsDhcpEnabled            
00001545  etherIsIpValid                
00001571  etherSetIpAddress             
000015a9  etherGetIpAddress             
000015e3  etherSetIpSubnetMask          
0000161b  etherGetIpSubnetMask          
00001655  etherSetIpGatewayAddress      
0000168d  etherGetIpGatewayAddress      
000016c7  etherSetMacAddress            
00001709  etherGetMacAddress            
00001795  initHw                        
000017c9  displayConnectionInfo         
00001953  getsUart0                     
000019e5  parseFields                   
00001b27  getFieldString                
00001b77  alphabetToInteger             
00001be1  stringCompare                 
00001c7d  getFieldInteger               
00001cb7  isCommand                     
00001ce9  main                          
000023a1  __TI_printfi                  
00002def  __aeabi_idiv0                 
00002def  __aeabi_ldiv0                 
00002df1  enablePort                    
00002ead  disablePort                   
00002f2d  selectPinPushPullOutput       
00002f7b  selectPinOpenDrainOutput      
00002fc9  selectPinDigitalInput         
00003017  selectPinAnalogInput          
00003067  setPinCommitControl           
000030e3  enablePinPullup               
00003111  disablePinPullup              
00003135  enablePinPulldown             
00003159  disablePinPulldown            
00003181  setPinAuxFunction             
00003293  selectPinInterruptRisingEdge  
000032e3  selectPinInterruptFallingEdge 
00003333  selectPinInterruptBothEdges   
00003389  selectPinInterruptHighLevel   
000033c3  selectPinInterruptLowLevel    
000033fd  enablePinInterrupt            
00003421  disablePinInterrupt           
00003445  setPinValue                   
0000346b  getPinValue                   
0000349d  setPortValue                  
00003521  getPortValue                  
000035b1  getutf8Encoding               
0000361b  getRemLength                  
0000366b  getMQTTPacket                 
00003691  getConnectPacket              
0000379b  getPublishPacket              
000038eb  getSubscribePacket            
00003e09  __aeabi_dsub                  
00003e13  __aeabi_dadd                  
00003fc1  initSpi0                      
0000405d  setSpi0BaudRate               
00004093  setSpi0Mode                   
000040e1  writeSpi0Data                 
000040f9  readSpi0Data                  
0000425d  __aeabi_ddiv                  
000044b9  initUart0                     
00004503  setUart0BaudRate              
00004543  putcUart0                     
0000455f  putsUart0                     
0000458b  getcUart0                     
0000459f  kbhitUart0                    
000045dd  ldexp                         
000045dd  ldexpl                        
000045dd  scalbn                        
000045dd  scalbnl                       
000046ed  __aeabi_dmul                  
0000489b  __aeabi_memcpy                
0000489b  __aeabi_memcpy4               
0000489b  __aeabi_memcpy8               
0000489b  memcpy                        
00004937  __aeabi_uldivmod              
000049cd  __aeabi_cdcmpeq               
000049cd  __aeabi_cdcmple               
00004a53  __aeabi_cdrcmple              
00004ad9  __aeabi_memclr                
00004ad9  __aeabi_memclr4               
00004ad9  __aeabi_memclr8               
00004adb  __aeabi_memset                
00004adb  __aeabi_memset4               
00004adb  __aeabi_memset8               
00004ae1  memset                        
00004bc1  __TI_decompress_lzss          
00004c29  frexp                         
00004c29  frexpl                        
00004ce3  __TI_ltoa                     
00004d89  atoi                          
00004dd5  __aeabi_d2iz                  
00004e1d  __TI_auto_init_nobinit_nopinit
00004e61  sprintf                       
00004ee1  _c_int00_noargs               
00004f15  __aeabi_i2d                   
00004f43  waitMicrosecond               
00004f67  memccpy                       
00004f83  copysign                      
00004f83  copysignl                     
00004fb5  strcmp                        
00004fcd  strchr                        
00004fe3  strlen                        
00004ff7  wcslen                        
00005009  initSystemClockTo40Mhz        
00005019  __TI_decompress_none          
00005027  ResetISR                      
0000503d  __aeabi_errno_addr            
00005045  _system_pre_init              
00005049  C$$EXIT                       
00005049  abort                         
0000504c  _ctypes_                      
00005174  __TI_Handler_Table_Base       
0000517c  __TI_CINIT_Base               
0000517c  __TI_Handler_Table_Limit      
00005184  __TI_CINIT_Limit              
20000000  __stack                       
20000000  __start___llvm_prf_cnts       
20000000  __stop___llvm_prf_cnts        
20000200  __STACK_TOP                   
20001000  __STACK_END                   
20001000  sNum                          
20001004  aNum                          
20001008  check                         
20001009  macAddress                    
2000100f  nextPacketLsb                 
20001010  nextPacketMsb                 
20001011  sequenceId                    
20001012  dhcpEnabled                   
20001013  ipAddress                     
20001017  ipGwAddress                   
2000101b  ipSubnetMask                  
20001020  errno                         
ffffffff  __TI_pprof_out_hndl           
ffffffff  __TI_prof_data_size           
ffffffff  __TI_prof_data_start          
ffffffff  __binit__                     
ffffffff  __c_args__                    
ffffffff  binit                         
UNDEFED   __mpu_init                    
UNDEFED   _system_post_cinit            

[187 symbols]
