******************************************************************************
                  TI ARM Linker PC v20.2.1                     
******************************************************************************
>> Linked Mon Mar  8 22:40:24 2021

OUTPUT FILE NAME:   <iot1.out>
ENTRY POINT SYMBOL: "_c_int00_noargs"  address: 000045a1


MEMORY CONFIGURATION

         name            origin    length      used     unused   attr    fill
----------------------  --------  ---------  --------  --------  ----  --------
  FLASH                 00000000   00040000  00004835  0003b7cb  R  X
  SRAM                  20000000   00008000  0000101c  00006fe4  RW X


SEGMENT ALLOCATION MAP

run origin  load origin   length   init length attrs members
----------  ----------- ---------- ----------- ----- -------
00000000    00000000    00004838   00004838    r-x
  00000000    00000000    0000026c   0000026c    r-- .intvecs
  0000026c    0000026c    000044a0   000044a0    r-x .text
  0000470c    0000470c    00000101   00000101    r-- .const
  00004810    00004810    00000028   00000028    r-- .cinit
20000000    20000000    0000101c   00000000    rw-
  20000000    20000000    00001000   00000000    rw- .stack
  20001000    20001000    0000001c   00000000    rw- .data


SECTION ALLOCATION MAP

 output                                  attributes/
section   page    origin      length       input sections
--------  ----  ----------  ----------   ----------------
.intvecs   0    00000000    0000026c     
                  00000000    0000026c     tm4c123gh6pm_startup_ccs.obj (.intvecs)

.text      0    0000026c    000044a0     
                  0000026c    000012ac     eth0.obj (.text)
                  00001518    00000a4e     rtsv7M4_T_le_v4SPD16_eabi.lib : _printfi.c.obj (.text:__TI_printfi)
                  00001f66    00000002                                   : div0.asm.obj (.text)
                  00001f68    0000095e     ethernet.obj (.text)
                  000028c6    00000002     --HOLE-- [fill = 0]
                  000028c8    000007c0     gpio.obj (.text)
                  00003088    00000270     rtsv7M4_T_le_v4SPD16_eabi.lib : _printfi.c.obj (.text:_pconv_a)
                  000032f8    000001d0                                   : _printfi.c.obj (.text:_pconv_g)
                  000034c8    000001b6                                   : fd_add_t2.asm.obj (.text)
                  0000367e    00000002     --HOLE-- [fill = 0]
                  00003680    00000160     spi0.obj (.text)
                  000037e0    0000013c     rtsv7M4_T_le_v4SPD16_eabi.lib : _printfi.c.obj (.text:_pconv_e)
                  0000391c    00000136                                   : fd_div_t2.asm.obj (.text)
                  00003a52    00000002     --HOLE-- [fill = 0]
                  00003a54    00000124                                   : _printfi.c.obj (.text:fcvt)
                  00003b78    00000124     uart0.obj (.text)
                  00003c9c    00000110     rtsv7M4_T_le_v4SPD16_eabi.lib : s_scalbn.c.obj (.text:scalbn)
                  00003dac    000000fc                                   : fd_mul_t2.asm.obj (.text)
                  00003ea8    000000b1                                   : _printfi.c.obj (.text:_ltostr)
                  00003f59    00000001     --HOLE-- [fill = 0]
                  00003f5a    0000009c                                   : memcpy_t2.asm.obj (.text)
                  00003ff6    00000096                                   : ull_div_t2.asm.obj (.text)
                  0000408c    00000086                                   : fd_cmp_t2.asm.obj (.text:__aeabi_cdcmple)
                  00004112    00000086                                   : fd_cmp_t2.asm.obj (.text:__aeabi_cdrcmple)
                  00004198    0000007a                                   : memset_t2.asm.obj (.text)
                  00004212    0000006e                                   : _printfi.c.obj (.text:_mcpy)
                  00004280    00000068                                   : copy_decompress_lzss.c.obj (.text:decompress:lzss:__TI_decompress_lzss)
                  000042e8    00000064                                   : s_frexp.c.obj (.text:frexp)
                  0000434c    00000056                                   : _printfi.c.obj (.text:_pconv_f)
                  000043a2    00000054                                   : _ltoa.c.obj (.text:__TI_ltoa)
                  000043f6    00000052                                   : _printfi.c.obj (.text:_ecpy)
                  00004448    0000004c                                   : atoi.c.obj (.text:atoi)
                  00004494    00000048                                   : fd_toi_t2.asm.obj (.text)
                  000044dc    00000044                                   : autoinit.c.obj (.text:__TI_auto_init_nobinit_nopinit:__TI_auto_init_nobinit_nopinit)
                  00004520    00000040                                   : sprintf.c.obj (.text:sprintf)
                  00004560    0000003e                                   : _printfi.c.obj (.text:_fcpy)
                  0000459e    00000002     --HOLE-- [fill = 0]
                  000045a0    00000034                                   : boot_cortex_m.c.obj (.text:_c_int00_noargs:_c_int00_noargs)
                  000045d4    0000002e                                   : i_tofd_t2.asm.obj (.text)
                  00004602    00000024     wait.obj (.text)
                  00004626    0000001c     rtsv7M4_T_le_v4SPD16_eabi.lib : memccpy.c.obj (.text:memccpy)
                  00004642    0000001a                                   : s_copysign.c.obj (.text:copysign)
                  0000465c    00000018                                   : sprintf.c.obj (.text:_outs)
                  00004674    00000018                                   : strcmp.c.obj (.text:strcmp)
                  0000468c    00000016                                   : strchr.c.obj (.text:strchr)
                  000046a2    00000014                                   : strlen.c.obj (.text:strlen)
                  000046b6    00000012                                   : wcslen.c.obj (.text:wcslen)
                  000046c8    00000010     clock.obj (.text)
                  000046d8    0000000e     rtsv7M4_T_le_v4SPD16_eabi.lib : copy_decompress_none.c.obj (.text:decompress:none:__TI_decompress_none)
                  000046e6    0000000c     tm4c123gh6pm_startup_ccs.obj (.text)
                  000046f2    0000000a     rtsv7M4_T_le_v4SPD16_eabi.lib : sprintf.c.obj (.text:_outc)
                  000046fc    00000008                                   : errno.c.obj (.text:__aeabi_errno_addr)
                  00004704    00000004                                   : pre_init.c.obj (.text:_system_pre_init)
                  00004708    00000004                                   : exit.c.obj (.text:abort:abort)

.const     0    0000470c    00000101     
                  0000470c    00000101     rtsv7M4_T_le_v4SPD16_eabi.lib : ctype.c.obj (.const:.string:_ctypes_)

.cinit     0    00004810    00000028     
                  00004810    00000018     (.cinit..data.load) [load image, compression = lzss]
                  00004828    00000008     (__TI_handler_table)
                  00004830    00000008     (__TI_cinit_table)

.init_array 
*          0    00000000    00000000     UNINITIALIZED

.data      0    20001000    0000001c     UNINITIALIZED
                  20001000    00000006     eth0.obj (.data:macAddress)
                  20001006    00000004     eth0.obj (.data)
                  2000100a    00000004     eth0.obj (.data:ipAddress)
                  2000100e    00000004     eth0.obj (.data:ipGwAddress)
                  20001012    00000004     eth0.obj (.data:ipSubnetMask)
                  20001016    00000002     --HOLE--
                  20001018    00000004     rtsv7M4_T_le_v4SPD16_eabi.lib : errno.c.obj (.data)

.stack     0    20000000    00001000     UNINITIALIZED
                  20000000    00000004     rtsv7M4_T_le_v4SPD16_eabi.lib : boot_cortex_m.c.obj (.stack)
                  20000004    00000ffc     --HOLE--

__llvm_prf_cnts 
*          0    20000000    00000000     UNINITIALIZED

MODULE SUMMARY

       Module                         code    ro data   rw data
       ------                         ----    -------   -------
    .\
       eth0.obj                       4780    0         22     
       ethernet.obj                   2398    0         0      
       gpio.obj                       1984    0         0      
       tm4c123gh6pm_startup_ccs.obj   12      620       0      
       spi0.obj                       352     0         0      
       uart0.obj                      292     0         0      
       wait.obj                       36      0         0      
       clock.obj                      16      0         0      
    +--+------------------------------+-------+---------+---------+
       Total:                         9870    620       22     
                                                               
    C:\ti\ccs1011\ccs\tools\compiler\ti-cgt-arm_20.2.1.LTS\lib\rtsv7M4_T_le_v4SPD16_eabi.lib
       _printfi.c.obj                 4851    0         0      
       fd_add_t2.asm.obj              438     0         0      
       fd_div_t2.asm.obj              310     0         0      
       s_scalbn.c.obj                 272     0         0      
       fd_cmp_t2.asm.obj              268     0         0      
       ctype.c.obj                    0       257       0      
       fd_mul_t2.asm.obj              252     0         0      
       memcpy_t2.asm.obj              156     0         0      
       ull_div_t2.asm.obj             150     0         0      
       memset_t2.asm.obj              122     0         0      
       copy_decompress_lzss.c.obj     104     0         0      
       s_frexp.c.obj                  100     0         0      
       sprintf.c.obj                  98      0         0      
       _ltoa.c.obj                    84      0         0      
       atoi.c.obj                     76      0         0      
       fd_toi_t2.asm.obj              72      0         0      
       autoinit.c.obj                 68      0         0      
       boot_cortex_m.c.obj            52      0         0      
       i_tofd_t2.asm.obj              46      0         0      
       memccpy.c.obj                  28      0         0      
       s_copysign.c.obj               26      0         0      
       strcmp.c.obj                   24      0         0      
       strchr.c.obj                   22      0         0      
       strlen.c.obj                   20      0         0      
       wcslen.c.obj                   18      0         0      
       copy_decompress_none.c.obj     14      0         0      
       errno.c.obj                    8       0         4      
       exit.c.obj                     4       0         0      
       pre_init.c.obj                 4       0         0      
       div0.asm.obj                   2       0         0      
    +--+------------------------------+-------+---------+---------+
       Total:                         7689    257       4      
                                                               
       Stack:                         0       0         4096   
       Linker Generated:              0       40        0      
    +--+------------------------------+-------+---------+---------+
       Grand Total:                   17559   917       4122   


LINKER GENERATED COPY TABLES

__TI_cinit_table @ 00004830 records: 1, size/record: 8, table size: 8
	.data: load addr=00004810, load size=00000018 bytes, run addr=20001000, run size=0000001c bytes, compression=lzss


LINKER GENERATED HANDLER TABLE

__TI_handler_table @ 00004828 records: 2, size/record: 4, table size: 8
	index: 0, handler: __TI_decompress_lzss
	index: 1, handler: __TI_decompress_none


GLOBAL SYMBOLS: SORTED ALPHABETICALLY BY Name 

address   name                          
-------   ----                          
00004709  C$$EXIT                       
000046e7  ResetISR                      
20001000  __STACK_END                   
00001000  __STACK_SIZE                  
20000200  __STACK_TOP                   
00004830  __TI_CINIT_Base               
00004838  __TI_CINIT_Limit              
00004828  __TI_Handler_Table_Base       
00004830  __TI_Handler_Table_Limit      
000044dd  __TI_auto_init_nobinit_nopinit
00004281  __TI_decompress_lzss          
000046d9  __TI_decompress_none          
000043a3  __TI_ltoa                     
ffffffff  __TI_pprof_out_hndl           
00001519  __TI_printfi                  
ffffffff  __TI_prof_data_size           
ffffffff  __TI_prof_data_start          
00000000  __TI_static_base__            
0000408d  __aeabi_cdcmpeq               
0000408d  __aeabi_cdcmple               
00004113  __aeabi_cdrcmple              
00004495  __aeabi_d2iz                  
000034d3  __aeabi_dadd                  
0000391d  __aeabi_ddiv                  
00003dad  __aeabi_dmul                  
000034c9  __aeabi_dsub                  
000046fd  __aeabi_errno_addr            
000045d5  __aeabi_i2d                   
00001f67  __aeabi_idiv0                 
00001f67  __aeabi_ldiv0                 
00004199  __aeabi_memclr                
00004199  __aeabi_memclr4               
00004199  __aeabi_memclr8               
00003f5b  __aeabi_memcpy                
00003f5b  __aeabi_memcpy4               
00003f5b  __aeabi_memcpy8               
0000419b  __aeabi_memset                
0000419b  __aeabi_memset4               
0000419b  __aeabi_memset8               
00003ff7  __aeabi_uldivmod              
ffffffff  __binit__                     
ffffffff  __c_args__                    
UNDEFED   __mpu_init                    
20000000  __stack                       
20000000  __start___llvm_prf_cnts       
20000000  __stop___llvm_prf_cnts        
000045a1  _c_int00_noargs               
0000470c  _ctypes_                      
UNDEFED   _system_post_cinit            
00004705  _system_pre_init              
00004709  abort                         
0000234b  alphabetToInteger             
00004449  atoi                          
ffffffff  binit                         
00004643  copysign                      
00004643  copysignl                     
20001009  dhcpEnabled                   
00002ef9  disablePinInterrupt           
00002c31  disablePinPulldown            
00002be9  disablePinPullup              
00002985  disablePort                   
00001f9d  displayConnectionInfo         
00002ed5  enablePinInterrupt            
00002c0d  enablePinPulldown             
00002bbb  enablePinPullup               
000028c9  enablePort                    
20001018  errno                         
0000093d  etherCalcIpChecksum           
0000032b  etherClearReg                 
00000283  etherCsOff                    
0000026d  etherCsOn                     
000012bb  etherDisableDhcpMode          
000012b3  etherEnableDhcpMode           
0000129d  etherGetId                    
0000132d  etherGetIpAddress             
00001411  etherGetIpGatewayAddress      
0000139f  etherGetIpSubnetMask          
0000148d  etherGetMacAddress            
000006a3  etherGetPacket                
000010d1  etherGetUdpData               
000012a9  etherIncId                    
00000477  etherInit                     
00000bd1  etherIsArpRequest             
00000c6f  etherIsArpResponse            
00000659  etherIsDataAvailable          
000012c3  etherIsDhcpEnabled            
00000999  etherIsIp                     
00000a11  etherIsIpUnicast              
000012c9  etherIsIpValid                
0000063f  etherIsLinkUp                 
00000673  etherIsOverflow               
00000a75  etherIsPingRequest            
00001029  etherIsUdp                    
00000795  etherPutPacket                
0000045f  etherReadMem                  
0000044d  etherReadMemStart             
0000046f  etherReadMemStop              
000003b3  etherReadPhy                  
000002c5  etherReadReg                  
00000f1b  etherSendArpRequest           
00000e4b  etherSendArpResponse          
00000ac1  etherSendPingResponse         
00000d11  etherSendTCP                  
00001101  etherSendUdpResponse          
0000035f  etherSetBank                  
000012f5  etherSetIpAddress             
000013d9  etherSetIpGatewayAddress      
00001367  etherSetIpSubnetMask          
0000144b  etherSetMacAddress            
000002f7  etherSetReg                   
0000087b  etherSumWords                 
00000431  etherWriteMem                 
0000041f  etherWriteMemStart            
00000445  etherWriteMemStop             
0000037b  etherWritePhy                 
00000291  etherWriteReg                 
000042e9  frexp                         
000042e9  frexpl                        
00000000  g_pfnVectors                  
00000901  getEtherChecksum              
0000244b  getFieldInteger               
000022fb  getFieldString                
00002f43  getPinValue                   
00002ff9  getPortValue                  
00003c4b  getcUart0                     
00002127  getsUart0                     
00000975  htons                         
00001f69  initHw                        
00003681  initSpi0                      
000046c9  initSystemClockTo40Mhz        
00003b79  initUart0                     
2000100a  ipAddress                     
2000100e  ipGwAddress                   
20001012  ipSubnetMask                  
00002485  isCommand                     
00003c5f  kbhitUart0                    
00003c9d  ldexp                         
00003c9d  ldexpl                        
20001000  macAddress                    
000024b7  main                          
00004627  memccpy                       
00003f5b  memcpy                        
000041a1  memset                        
20001006  nextPacketLsb                 
20001007  nextPacketMsb                 
000021b9  parseFields                   
00003c03  putcUart0                     
00003c1f  putsUart0                     
000037b9  readSpi0Data                  
00003c9d  scalbn                        
00003c9d  scalbnl                       
00002aef  selectPinAnalogInput          
00002aa1  selectPinDigitalInput         
00002e0b  selectPinInterruptBothEdges   
00002dbb  selectPinInterruptFallingEdge 
00002e61  selectPinInterruptHighLevel   
00002e9b  selectPinInterruptLowLevel    
00002d6b  selectPinInterruptRisingEdge  
00002a53  selectPinOpenDrainOutput      
00002a05  selectPinPushPullOutput       
20001008  sequenceId                    
00002c59  setPinAuxFunction             
00002b3f  setPinCommitControl           
00002f1d  setPinValue                   
00002f75  setPortValue                  
0000371d  setSpi0BaudRate               
00003753  setSpi0Mode                   
00003bc3  setUart0BaudRate              
00004521  sprintf                       
0000468d  strchr                        
00004675  strcmp                        
000023af  stringCompare                 
000046a3  strlen                        
00004603  waitMicrosecond               
000046b7  wcslen                        
000037a1  writeSpi0Data                 


GLOBAL SYMBOLS: SORTED BY Symbol Address 

address   name                          
-------   ----                          
00000000  __TI_static_base__            
00000000  g_pfnVectors                  
0000026d  etherCsOn                     
00000283  etherCsOff                    
00000291  etherWriteReg                 
000002c5  etherReadReg                  
000002f7  etherSetReg                   
0000032b  etherClearReg                 
0000035f  etherSetBank                  
0000037b  etherWritePhy                 
000003b3  etherReadPhy                  
0000041f  etherWriteMemStart            
00000431  etherWriteMem                 
00000445  etherWriteMemStop             
0000044d  etherReadMemStart             
0000045f  etherReadMem                  
0000046f  etherReadMemStop              
00000477  etherInit                     
0000063f  etherIsLinkUp                 
00000659  etherIsDataAvailable          
00000673  etherIsOverflow               
000006a3  etherGetPacket                
00000795  etherPutPacket                
0000087b  etherSumWords                 
00000901  getEtherChecksum              
0000093d  etherCalcIpChecksum           
00000975  htons                         
00000999  etherIsIp                     
00000a11  etherIsIpUnicast              
00000a75  etherIsPingRequest            
00000ac1  etherSendPingResponse         
00000bd1  etherIsArpRequest             
00000c6f  etherIsArpResponse            
00000d11  etherSendTCP                  
00000e4b  etherSendArpResponse          
00000f1b  etherSendArpRequest           
00001000  __STACK_SIZE                  
00001029  etherIsUdp                    
000010d1  etherGetUdpData               
00001101  etherSendUdpResponse          
0000129d  etherGetId                    
000012a9  etherIncId                    
000012b3  etherEnableDhcpMode           
000012bb  etherDisableDhcpMode          
000012c3  etherIsDhcpEnabled            
000012c9  etherIsIpValid                
000012f5  etherSetIpAddress             
0000132d  etherGetIpAddress             
00001367  etherSetIpSubnetMask          
0000139f  etherGetIpSubnetMask          
000013d9  etherSetIpGatewayAddress      
00001411  etherGetIpGatewayAddress      
0000144b  etherSetMacAddress            
0000148d  etherGetMacAddress            
00001519  __TI_printfi                  
00001f67  __aeabi_idiv0                 
00001f67  __aeabi_ldiv0                 
00001f69  initHw                        
00001f9d  displayConnectionInfo         
00002127  getsUart0                     
000021b9  parseFields                   
000022fb  getFieldString                
0000234b  alphabetToInteger             
000023af  stringCompare                 
0000244b  getFieldInteger               
00002485  isCommand                     
000024b7  main                          
000028c9  enablePort                    
00002985  disablePort                   
00002a05  selectPinPushPullOutput       
00002a53  selectPinOpenDrainOutput      
00002aa1  selectPinDigitalInput         
00002aef  selectPinAnalogInput          
00002b3f  setPinCommitControl           
00002bbb  enablePinPullup               
00002be9  disablePinPullup              
00002c0d  enablePinPulldown             
00002c31  disablePinPulldown            
00002c59  setPinAuxFunction             
00002d6b  selectPinInterruptRisingEdge  
00002dbb  selectPinInterruptFallingEdge 
00002e0b  selectPinInterruptBothEdges   
00002e61  selectPinInterruptHighLevel   
00002e9b  selectPinInterruptLowLevel    
00002ed5  enablePinInterrupt            
00002ef9  disablePinInterrupt           
00002f1d  setPinValue                   
00002f43  getPinValue                   
00002f75  setPortValue                  
00002ff9  getPortValue                  
000034c9  __aeabi_dsub                  
000034d3  __aeabi_dadd                  
00003681  initSpi0                      
0000371d  setSpi0BaudRate               
00003753  setSpi0Mode                   
000037a1  writeSpi0Data                 
000037b9  readSpi0Data                  
0000391d  __aeabi_ddiv                  
00003b79  initUart0                     
00003bc3  setUart0BaudRate              
00003c03  putcUart0                     
00003c1f  putsUart0                     
00003c4b  getcUart0                     
00003c5f  kbhitUart0                    
00003c9d  ldexp                         
00003c9d  ldexpl                        
00003c9d  scalbn                        
00003c9d  scalbnl                       
00003dad  __aeabi_dmul                  
00003f5b  __aeabi_memcpy                
00003f5b  __aeabi_memcpy4               
00003f5b  __aeabi_memcpy8               
00003f5b  memcpy                        
00003ff7  __aeabi_uldivmod              
0000408d  __aeabi_cdcmpeq               
0000408d  __aeabi_cdcmple               
00004113  __aeabi_cdrcmple              
00004199  __aeabi_memclr                
00004199  __aeabi_memclr4               
00004199  __aeabi_memclr8               
0000419b  __aeabi_memset                
0000419b  __aeabi_memset4               
0000419b  __aeabi_memset8               
000041a1  memset                        
00004281  __TI_decompress_lzss          
000042e9  frexp                         
000042e9  frexpl                        
000043a3  __TI_ltoa                     
00004449  atoi                          
00004495  __aeabi_d2iz                  
000044dd  __TI_auto_init_nobinit_nopinit
00004521  sprintf                       
000045a1  _c_int00_noargs               
000045d5  __aeabi_i2d                   
00004603  waitMicrosecond               
00004627  memccpy                       
00004643  copysign                      
00004643  copysignl                     
00004675  strcmp                        
0000468d  strchr                        
000046a3  strlen                        
000046b7  wcslen                        
000046c9  initSystemClockTo40Mhz        
000046d9  __TI_decompress_none          
000046e7  ResetISR                      
000046fd  __aeabi_errno_addr            
00004705  _system_pre_init              
00004709  C$$EXIT                       
00004709  abort                         
0000470c  _ctypes_                      
00004828  __TI_Handler_Table_Base       
00004830  __TI_CINIT_Base               
00004830  __TI_Handler_Table_Limit      
00004838  __TI_CINIT_Limit              
20000000  __stack                       
20000000  __start___llvm_prf_cnts       
20000000  __stop___llvm_prf_cnts        
20000200  __STACK_TOP                   
20001000  __STACK_END                   
20001000  macAddress                    
20001006  nextPacketLsb                 
20001007  nextPacketMsb                 
20001008  sequenceId                    
20001009  dhcpEnabled                   
2000100a  ipAddress                     
2000100e  ipGwAddress                   
20001012  ipSubnetMask                  
20001018  errno                         
ffffffff  __TI_pprof_out_hndl           
ffffffff  __TI_prof_data_size           
ffffffff  __TI_prof_data_start          
ffffffff  __binit__                     
ffffffff  __c_args__                    
ffffffff  binit                         
UNDEFED   __mpu_init                    
UNDEFED   _system_post_cinit            

[176 symbols]
