******************************************************************************
                  TI ARM Linker PC v20.2.1                     
******************************************************************************
>> Linked Sat Mar 20 21:17:17 2021

OUTPUT FILE NAME:   <iot1.out>
ENTRY POINT SYMBOL: "_c_int00_noargs"  address: 00004bc9


MEMORY CONFIGURATION

         name            origin    length      used     unused   attr    fill
----------------------  --------  ---------  --------  --------  ----  --------
  FLASH                 00000000   00040000  00004e65  0003b19b  R  X
  SRAM                  20000000   00008000  00001024  00006fdc  RW X


SEGMENT ALLOCATION MAP

run origin  load origin   length   init length attrs members
----------  ----------- ---------- ----------- ----- -------
00000000    00000000    00004e6c   00004e6c    r-x
  00000000    00000000    0000026c   0000026c    r-- .intvecs
  0000026c    0000026c    00004ac8   00004ac8    r-x .text
  00004d34    00004d34    00000105   00000105    r-- .const
  00004e40    00004e40    0000002c   0000002c    r-- .cinit
20000000    20000000    00001024   00000000    rw-
  20000000    20000000    00001000   00000000    rw- .stack
  20001000    20001000    00000024   00000000    rw- .data


SECTION ALLOCATION MAP

 output                                  attributes/
section   page    origin      length       input sections
--------  ----  ----------  ----------   ----------------
.intvecs   0    00000000    0000026c     
                  00000000    0000026c     tm4c123gh6pm_startup_ccs.obj (.intvecs)

.text      0    0000026c    00004ac8     
                  0000026c    000014e0     eth0.obj (.text)
                  0000174c    00000b1c     ethernet.obj (.text)
                  00002268    00000a4e     rtsv7M4_T_le_v4SPD16_eabi.lib : _printfi.c.obj (.text:__TI_printfi)
                  00002cb6    00000002                                   : div0.asm.obj (.text)
                  00002cb8    000007c0     gpio.obj (.text)
                  00003478    00000270     rtsv7M4_T_le_v4SPD16_eabi.lib : _printfi.c.obj (.text:_pconv_a)
                  000036e8    00000238     mqqt.obj (.text)
                  00003920    000001d0     rtsv7M4_T_le_v4SPD16_eabi.lib : _printfi.c.obj (.text:_pconv_g)
                  00003af0    000001b6                                   : fd_add_t2.asm.obj (.text)
                  00003ca6    00000002     --HOLE-- [fill = 0]
                  00003ca8    00000160     spi0.obj (.text)
                  00003e08    0000013c     rtsv7M4_T_le_v4SPD16_eabi.lib : _printfi.c.obj (.text:_pconv_e)
                  00003f44    00000136                                   : fd_div_t2.asm.obj (.text)
                  0000407a    00000002     --HOLE-- [fill = 0]
                  0000407c    00000124                                   : _printfi.c.obj (.text:fcvt)
                  000041a0    00000124     uart0.obj (.text)
                  000042c4    00000110     rtsv7M4_T_le_v4SPD16_eabi.lib : s_scalbn.c.obj (.text:scalbn)
                  000043d4    000000fc                                   : fd_mul_t2.asm.obj (.text)
                  000044d0    000000b1                                   : _printfi.c.obj (.text:_ltostr)
                  00004581    00000001     --HOLE-- [fill = 0]
                  00004582    0000009c                                   : memcpy_t2.asm.obj (.text)
                  0000461e    00000096                                   : ull_div_t2.asm.obj (.text)
                  000046b4    00000086                                   : fd_cmp_t2.asm.obj (.text:__aeabi_cdcmple)
                  0000473a    00000086                                   : fd_cmp_t2.asm.obj (.text:__aeabi_cdrcmple)
                  000047c0    0000007a                                   : memset_t2.asm.obj (.text)
                  0000483a    0000006e                                   : _printfi.c.obj (.text:_mcpy)
                  000048a8    00000068                                   : copy_decompress_lzss.c.obj (.text:decompress:lzss:__TI_decompress_lzss)
                  00004910    00000064                                   : s_frexp.c.obj (.text:frexp)
                  00004974    00000056                                   : _printfi.c.obj (.text:_pconv_f)
                  000049ca    00000054                                   : _ltoa.c.obj (.text:__TI_ltoa)
                  00004a1e    00000052                                   : _printfi.c.obj (.text:_ecpy)
                  00004a70    0000004c                                   : atoi.c.obj (.text:atoi)
                  00004abc    00000048                                   : fd_toi_t2.asm.obj (.text)
                  00004b04    00000044                                   : autoinit.c.obj (.text:__TI_auto_init_nobinit_nopinit:__TI_auto_init_nobinit_nopinit)
                  00004b48    00000040                                   : sprintf.c.obj (.text:sprintf)
                  00004b88    0000003e                                   : _printfi.c.obj (.text:_fcpy)
                  00004bc6    00000002     --HOLE-- [fill = 0]
                  00004bc8    00000034                                   : boot_cortex_m.c.obj (.text:_c_int00_noargs:_c_int00_noargs)
                  00004bfc    0000002e                                   : i_tofd_t2.asm.obj (.text)
                  00004c2a    00000024     wait.obj (.text)
                  00004c4e    0000001c     rtsv7M4_T_le_v4SPD16_eabi.lib : memccpy.c.obj (.text:memccpy)
                  00004c6a    0000001a                                   : s_copysign.c.obj (.text:copysign)
                  00004c84    00000018                                   : sprintf.c.obj (.text:_outs)
                  00004c9c    00000018                                   : strcmp.c.obj (.text:strcmp)
                  00004cb4    00000016                                   : strchr.c.obj (.text:strchr)
                  00004cca    00000014                                   : strlen.c.obj (.text:strlen)
                  00004cde    00000012                                   : wcslen.c.obj (.text:wcslen)
                  00004cf0    00000010     clock.obj (.text)
                  00004d00    0000000e     rtsv7M4_T_le_v4SPD16_eabi.lib : copy_decompress_none.c.obj (.text:decompress:none:__TI_decompress_none)
                  00004d0e    0000000c     tm4c123gh6pm_startup_ccs.obj (.text)
                  00004d1a    0000000a     rtsv7M4_T_le_v4SPD16_eabi.lib : sprintf.c.obj (.text:_outc)
                  00004d24    00000008                                   : errno.c.obj (.text:__aeabi_errno_addr)
                  00004d2c    00000004                                   : pre_init.c.obj (.text:_system_pre_init)
                  00004d30    00000004                                   : exit.c.obj (.text:abort:abort)

.const     0    00004d34    00000105     
                  00004d34    00000101     rtsv7M4_T_le_v4SPD16_eabi.lib : ctype.c.obj (.const:.string:_ctypes_)
                  00004e35    00000004     mqqt.obj (.const:.string:$P$T0$1)

.cinit     0    00004e40    0000002c     
                  00004e40    0000001b     (.cinit..data.load) [load image, compression = lzss]
                  00004e5b    00000001     --HOLE-- [fill = 0]
                  00004e5c    00000008     (__TI_handler_table)
                  00004e64    00000008     (__TI_cinit_table)

.init_array 
*          0    00000000    00000000     UNINITIALIZED

.data      0    20001000    00000024     UNINITIALIZED
                  20001000    00000009     ethernet.obj (.data)
                  20001009    00000006     eth0.obj (.data:macAddress)
                  2000100f    00000004     eth0.obj (.data)
                  20001013    00000004     eth0.obj (.data:ipAddress)
                  20001017    00000004     eth0.obj (.data:ipGwAddress)
                  2000101b    00000004     eth0.obj (.data:ipSubnetMask)
                  2000101f    00000001     --HOLE--
                  20001020    00000004     rtsv7M4_T_le_v4SPD16_eabi.lib : errno.c.obj (.data)

.stack     0    20000000    00001000     UNINITIALIZED
                  20000000    00000004     rtsv7M4_T_le_v4SPD16_eabi.lib : boot_cortex_m.c.obj (.stack)
                  20000004    00000ffc     --HOLE--

__llvm_prf_cnts 
*          0    20000000    00000000     UNINITIALIZED

MODULE SUMMARY

       Module                         code    ro data   rw data
       ------                         ----    -------   -------
    .\
       eth0.obj                       5344    0         22     
       ethernet.obj                   2844    0         9      
       gpio.obj                       1984    0         0      
       tm4c123gh6pm_startup_ccs.obj   12      620       0      
       mqqt.obj                       568     4         0      
       spi0.obj                       352     0         0      
       uart0.obj                      292     0         0      
       wait.obj                       36      0         0      
       clock.obj                      16      0         0      
    +--+------------------------------+-------+---------+---------+
       Total:                         11448   624       31     
                                                               
    C:\ti\ccs1011\ccs\tools\compiler\ti-cgt-arm_20.2.1.LTS\lib\rtsv7M4_T_le_v4SPD16_eabi.lib
       _printfi.c.obj                 4851    0         0      
       fd_add_t2.asm.obj              438     0         0      
       fd_div_t2.asm.obj              310     0         0      
       s_scalbn.c.obj                 272     0         0      
       fd_cmp_t2.asm.obj              268     0         0      
       ctype.c.obj                    0       257       0      
       fd_mul_t2.asm.obj              252     0         0      
       memcpy_t2.asm.obj              156     0         0      
       ull_div_t2.asm.obj             150     0         0      
       memset_t2.asm.obj              122     0         0      
       copy_decompress_lzss.c.obj     104     0         0      
       s_frexp.c.obj                  100     0         0      
       sprintf.c.obj                  98      0         0      
       _ltoa.c.obj                    84      0         0      
       atoi.c.obj                     76      0         0      
       fd_toi_t2.asm.obj              72      0         0      
       autoinit.c.obj                 68      0         0      
       boot_cortex_m.c.obj            52      0         0      
       i_tofd_t2.asm.obj              46      0         0      
       memccpy.c.obj                  28      0         0      
       s_copysign.c.obj               26      0         0      
       strcmp.c.obj                   24      0         0      
       strchr.c.obj                   22      0         0      
       strlen.c.obj                   20      0         0      
       wcslen.c.obj                   18      0         0      
       copy_decompress_none.c.obj     14      0         0      
       errno.c.obj                    8       0         4      
       exit.c.obj                     4       0         0      
       pre_init.c.obj                 4       0         0      
       div0.asm.obj                   2       0         0      
    +--+------------------------------+-------+---------+---------+
       Total:                         7689    257       4      
                                                               
       Stack:                         0       0         4096   
       Linker Generated:              0       43        0      
    +--+------------------------------+-------+---------+---------+
       Grand Total:                   19137   924       4131   


LINKER GENERATED COPY TABLES

__TI_cinit_table @ 00004e64 records: 1, size/record: 8, table size: 8
	.data: load addr=00004e40, load size=0000001b bytes, run addr=20001000, run size=00000024 bytes, compression=lzss


LINKER GENERATED HANDLER TABLE

__TI_handler_table @ 00004e5c records: 2, size/record: 4, table size: 8
	index: 0, handler: __TI_decompress_lzss
	index: 1, handler: __TI_decompress_none


GLOBAL SYMBOLS: SORTED ALPHABETICALLY BY Name 

address   name                          
-------   ----                          
00004d31  C$$EXIT                       
00004d0f  ResetISR                      
20001000  __STACK_END                   
00001000  __STACK_SIZE                  
20000200  __STACK_TOP                   
00004e64  __TI_CINIT_Base               
00004e6c  __TI_CINIT_Limit              
00004e5c  __TI_Handler_Table_Base       
00004e64  __TI_Handler_Table_Limit      
00004b05  __TI_auto_init_nobinit_nopinit
000048a9  __TI_decompress_lzss          
00004d01  __TI_decompress_none          
000049cb  __TI_ltoa                     
ffffffff  __TI_pprof_out_hndl           
00002269  __TI_printfi                  
ffffffff  __TI_prof_data_size           
ffffffff  __TI_prof_data_start          
00000000  __TI_static_base__            
000046b5  __aeabi_cdcmpeq               
000046b5  __aeabi_cdcmple               
0000473b  __aeabi_cdrcmple              
00004abd  __aeabi_d2iz                  
00003afb  __aeabi_dadd                  
00003f45  __aeabi_ddiv                  
000043d5  __aeabi_dmul                  
00003af1  __aeabi_dsub                  
00004d25  __aeabi_errno_addr            
00004bfd  __aeabi_i2d                   
00002cb7  __aeabi_idiv0                 
00002cb7  __aeabi_ldiv0                 
000047c1  __aeabi_memclr                
000047c1  __aeabi_memclr4               
000047c1  __aeabi_memclr8               
00004583  __aeabi_memcpy                
00004583  __aeabi_memcpy4               
00004583  __aeabi_memcpy8               
000047c3  __aeabi_memset                
000047c3  __aeabi_memset4               
000047c3  __aeabi_memset8               
0000461f  __aeabi_uldivmod              
ffffffff  __binit__                     
ffffffff  __c_args__                    
UNDEFED   __mpu_init                    
20000000  __stack                       
20000000  __start___llvm_prf_cnts       
20000000  __stop___llvm_prf_cnts        
00004bc9  _c_int00_noargs               
00004d34  _ctypes_                      
UNDEFED   _system_post_cinit            
00004d2d  _system_pre_init              
20001004  aNum                          
00004d31  abort                         
00001b2f  alphabetToInteger             
00004a71  atoi                          
ffffffff  binit                         
20001008  check                         
00004c6b  copysign                      
00004c6b  copysignl                     
20001012  dhcpEnabled                   
000032e9  disablePinInterrupt           
00003021  disablePinPulldown            
00002fd9  disablePinPullup              
00002d75  disablePort                   
00001781  displayConnectionInfo         
000032c5  enablePinInterrupt            
00002ffd  enablePinPulldown             
00002fab  enablePinPullup               
00002cb9  enablePort                    
20001020  errno                         
0000093d  etherCalcIpChecksum           
0000032b  etherClearReg                 
00000283  etherCsOff                    
0000026d  etherCsOn                     
000014ef  etherDisableDhcpMode          
000014e7  etherEnableDhcpMode           
000014d1  etherGetId                    
00001563  etherGetIpAddress             
00001647  etherGetIpGatewayAddress      
000015d5  etherGetIpSubnetMask          
000016c3  etherGetMacAddress            
000006a3  etherGetPacket                
00001303  etherGetUdpData               
000014dd  etherIncId                    
00000477  etherInit                     
00000cf7  etherIsArpRequest             
00000d9d  etherIsArpResponse            
00000659  etherIsDataAvailable          
000014f7  etherIsDhcpEnabled            
000009cd  etherIsIp                     
00000a3d  etherIsIpUnicast              
000014fd  etherIsIpValid                
0000063f  etherIsLinkUp                 
00000673  etherIsOverflow               
00000b9b  etherIsPingRequest            
00000aa1  etherIsTcpResponse            
0000125b  etherIsUdp                    
00000795  etherPutPacket                
0000045f  etherReadMem                  
0000044d  etherReadMemStart             
0000046f  etherReadMemStop              
000003b3  etherReadPhy                  
000002c5  etherReadReg                  
0000114d  etherSendArpRequest           
0000107d  etherSendArpResponse          
00000be7  etherSendPingResponse         
00000e3b  etherSendTCP                  
00001335  etherSendUdpResponse          
0000035f  etherSetBank                  
0000152b  etherSetIpAddress             
0000160f  etherSetIpGatewayAddress      
0000159d  etherSetIpSubnetMask          
00001681  etherSetMacAddress            
000002f7  etherSetReg                   
0000087b  etherSumWords                 
00000431  etherWriteMem                 
0000041f  etherWriteMemStart            
00000445  etherWriteMemStop             
0000037b  etherWritePhy                 
00000291  etherWriteReg                 
00004911  frexp                         
00004911  frexpl                        
00000000  g_pfnVectors                  
000037c9  getConnectPacket              
00000901  getEtherChecksum              
00001c35  getFieldInteger               
00001adf  getFieldString                
000037a3  getMQTTPacket                 
00003333  getPinValue                   
000033e9  getPortValue                  
00003753  getRemLength                  
00004273  getcUart0                     
0000190b  getsUart0                     
000036e9  getutf8Encoding               
00000999  htonl                         
00000975  htons                         
0000174d  initHw                        
00003ca9  initSpi0                      
00004cf1  initSystemClockTo40Mhz        
000041a1  initUart0                     
20001013  ipAddress                     
20001017  ipGwAddress                   
2000101b  ipSubnetMask                  
00001c6f  isCommand                     
00004287  kbhitUart0                    
000042c5  ldexp                         
000042c5  ldexpl                        
20001009  macAddress                    
00001ca1  main                          
00004c4f  memccpy                       
00004583  memcpy                        
000047c9  memset                        
2000100f  nextPacketLsb                 
20001010  nextPacketMsb                 
0000199d  parseFields                   
0000422b  putcUart0                     
00004247  putsUart0                     
00003de1  readSpi0Data                  
20001000  sNum                          
000042c5  scalbn                        
000042c5  scalbnl                       
00002edf  selectPinAnalogInput          
00002e91  selectPinDigitalInput         
000031fb  selectPinInterruptBothEdges   
000031ab  selectPinInterruptFallingEdge 
00003251  selectPinInterruptHighLevel   
0000328b  selectPinInterruptLowLevel    
0000315b  selectPinInterruptRisingEdge  
00002e43  selectPinOpenDrainOutput      
00002df5  selectPinPushPullOutput       
20001011  sequenceId                    
00003049  setPinAuxFunction             
00002f2f  setPinCommitControl           
0000330d  setPinValue                   
00003365  setPortValue                  
00003d45  setSpi0BaudRate               
00003d7b  setSpi0Mode                   
000041eb  setUart0BaudRate              
00004b49  sprintf                       
00004cb5  strchr                        
00004c9d  strcmp                        
00001b99  stringCompare                 
00004ccb  strlen                        
00004c2b  waitMicrosecond               
00004cdf  wcslen                        
00003dc9  writeSpi0Data                 


GLOBAL SYMBOLS: SORTED BY Symbol Address 

address   name                          
-------   ----                          
00000000  __TI_static_base__            
00000000  g_pfnVectors                  
0000026d  etherCsOn                     
00000283  etherCsOff                    
00000291  etherWriteReg                 
000002c5  etherReadReg                  
000002f7  etherSetReg                   
0000032b  etherClearReg                 
0000035f  etherSetBank                  
0000037b  etherWritePhy                 
000003b3  etherReadPhy                  
0000041f  etherWriteMemStart            
00000431  etherWriteMem                 
00000445  etherWriteMemStop             
0000044d  etherReadMemStart             
0000045f  etherReadMem                  
0000046f  etherReadMemStop              
00000477  etherInit                     
0000063f  etherIsLinkUp                 
00000659  etherIsDataAvailable          
00000673  etherIsOverflow               
000006a3  etherGetPacket                
00000795  etherPutPacket                
0000087b  etherSumWords                 
00000901  getEtherChecksum              
0000093d  etherCalcIpChecksum           
00000975  htons                         
00000999  htonl                         
000009cd  etherIsIp                     
00000a3d  etherIsIpUnicast              
00000aa1  etherIsTcpResponse            
00000b9b  etherIsPingRequest            
00000be7  etherSendPingResponse         
00000cf7  etherIsArpRequest             
00000d9d  etherIsArpResponse            
00000e3b  etherSendTCP                  
00001000  __STACK_SIZE                  
0000107d  etherSendArpResponse          
0000114d  etherSendArpRequest           
0000125b  etherIsUdp                    
00001303  etherGetUdpData               
00001335  etherSendUdpResponse          
000014d1  etherGetId                    
000014dd  etherIncId                    
000014e7  etherEnableDhcpMode           
000014ef  etherDisableDhcpMode          
000014f7  etherIsDhcpEnabled            
000014fd  etherIsIpValid                
0000152b  etherSetIpAddress             
00001563  etherGetIpAddress             
0000159d  etherSetIpSubnetMask          
000015d5  etherGetIpSubnetMask          
0000160f  etherSetIpGatewayAddress      
00001647  etherGetIpGatewayAddress      
00001681  etherSetMacAddress            
000016c3  etherGetMacAddress            
0000174d  initHw                        
00001781  displayConnectionInfo         
0000190b  getsUart0                     
0000199d  parseFields                   
00001adf  getFieldString                
00001b2f  alphabetToInteger             
00001b99  stringCompare                 
00001c35  getFieldInteger               
00001c6f  isCommand                     
00001ca1  main                          
00002269  __TI_printfi                  
00002cb7  __aeabi_idiv0                 
00002cb7  __aeabi_ldiv0                 
00002cb9  enablePort                    
00002d75  disablePort                   
00002df5  selectPinPushPullOutput       
00002e43  selectPinOpenDrainOutput      
00002e91  selectPinDigitalInput         
00002edf  selectPinAnalogInput          
00002f2f  setPinCommitControl           
00002fab  enablePinPullup               
00002fd9  disablePinPullup              
00002ffd  enablePinPulldown             
00003021  disablePinPulldown            
00003049  setPinAuxFunction             
0000315b  selectPinInterruptRisingEdge  
000031ab  selectPinInterruptFallingEdge 
000031fb  selectPinInterruptBothEdges   
00003251  selectPinInterruptHighLevel   
0000328b  selectPinInterruptLowLevel    
000032c5  enablePinInterrupt            
000032e9  disablePinInterrupt           
0000330d  setPinValue                   
00003333  getPinValue                   
00003365  setPortValue                  
000033e9  getPortValue                  
000036e9  getutf8Encoding               
00003753  getRemLength                  
000037a3  getMQTTPacket                 
000037c9  getConnectPacket              
00003af1  __aeabi_dsub                  
00003afb  __aeabi_dadd                  
00003ca9  initSpi0                      
00003d45  setSpi0BaudRate               
00003d7b  setSpi0Mode                   
00003dc9  writeSpi0Data                 
00003de1  readSpi0Data                  
00003f45  __aeabi_ddiv                  
000041a1  initUart0                     
000041eb  setUart0BaudRate              
0000422b  putcUart0                     
00004247  putsUart0                     
00004273  getcUart0                     
00004287  kbhitUart0                    
000042c5  ldexp                         
000042c5  ldexpl                        
000042c5  scalbn                        
000042c5  scalbnl                       
000043d5  __aeabi_dmul                  
00004583  __aeabi_memcpy                
00004583  __aeabi_memcpy4               
00004583  __aeabi_memcpy8               
00004583  memcpy                        
0000461f  __aeabi_uldivmod              
000046b5  __aeabi_cdcmpeq               
000046b5  __aeabi_cdcmple               
0000473b  __aeabi_cdrcmple              
000047c1  __aeabi_memclr                
000047c1  __aeabi_memclr4               
000047c1  __aeabi_memclr8               
000047c3  __aeabi_memset                
000047c3  __aeabi_memset4               
000047c3  __aeabi_memset8               
000047c9  memset                        
000048a9  __TI_decompress_lzss          
00004911  frexp                         
00004911  frexpl                        
000049cb  __TI_ltoa                     
00004a71  atoi                          
00004abd  __aeabi_d2iz                  
00004b05  __TI_auto_init_nobinit_nopinit
00004b49  sprintf                       
00004bc9  _c_int00_noargs               
00004bfd  __aeabi_i2d                   
00004c2b  waitMicrosecond               
00004c4f  memccpy                       
00004c6b  copysign                      
00004c6b  copysignl                     
00004c9d  strcmp                        
00004cb5  strchr                        
00004ccb  strlen                        
00004cdf  wcslen                        
00004cf1  initSystemClockTo40Mhz        
00004d01  __TI_decompress_none          
00004d0f  ResetISR                      
00004d25  __aeabi_errno_addr            
00004d2d  _system_pre_init              
00004d31  C$$EXIT                       
00004d31  abort                         
00004d34  _ctypes_                      
00004e5c  __TI_Handler_Table_Base       
00004e64  __TI_CINIT_Base               
00004e64  __TI_Handler_Table_Limit      
00004e6c  __TI_CINIT_Limit              
20000000  __stack                       
20000000  __start___llvm_prf_cnts       
20000000  __stop___llvm_prf_cnts        
20000200  __STACK_TOP                   
20001000  __STACK_END                   
20001000  sNum                          
20001004  aNum                          
20001008  check                         
20001009  macAddress                    
2000100f  nextPacketLsb                 
20001010  nextPacketMsb                 
20001011  sequenceId                    
20001012  dhcpEnabled                   
20001013  ipAddress                     
20001017  ipGwAddress                   
2000101b  ipSubnetMask                  
20001020  errno                         
ffffffff  __TI_pprof_out_hndl           
ffffffff  __TI_prof_data_size           
ffffffff  __TI_prof_data_start          
ffffffff  __binit__                     
ffffffff  __c_args__                    
ffffffff  binit                         
UNDEFED   __mpu_init                    
UNDEFED   _system_post_cinit            

[185 symbols]
