******************************************************************************
                  TI ARM Linker PC v20.2.1                     
******************************************************************************
>> Linked Mon Mar 15 23:44:26 2021

OUTPUT FILE NAME:   <iot1.out>
ENTRY POINT SYMBOL: "_c_int00_noargs"  address: 00004685


MEMORY CONFIGURATION

         name            origin    length      used     unused   attr    fill
----------------------  --------  ---------  --------  --------  ----  --------
  FLASH                 00000000   00040000  00004919  0003b6e7  R  X
  SRAM                  20000000   00008000  0000101c  00006fe4  RW X


SEGMENT ALLOCATION MAP

run origin  load origin   length   init length attrs members
----------  ----------- ---------- ----------- ----- -------
00000000    00000000    00004920   00004920    r-x
  00000000    00000000    0000026c   0000026c    r-- .intvecs
  0000026c    0000026c    00004584   00004584    r-x .text
  000047f0    000047f0    00000101   00000101    r-- .const
  000048f8    000048f8    00000028   00000028    r-- .cinit
20000000    20000000    0000101c   00000000    rw-
  20000000    20000000    00001000   00000000    rw- .stack
  20001000    20001000    0000001c   00000000    rw- .data


SECTION ALLOCATION MAP

 output                                  attributes/
section   page    origin      length       input sections
--------  ----  ----------  ----------   ----------------
.intvecs   0    00000000    0000026c     
                  00000000    0000026c     tm4c123gh6pm_startup_ccs.obj (.intvecs)

.text      0    0000026c    00004584     
                  0000026c    000013b4     eth0.obj (.text)
                  00001620    00000a4e     rtsv7M4_T_le_v4SPD16_eabi.lib : _printfi.c.obj (.text:__TI_printfi)
                  0000206e    00000002                                   : div0.asm.obj (.text)
                  00002070    0000093a     ethernet.obj (.text)
                  000029aa    00000002     --HOLE-- [fill = 0]
                  000029ac    000007c0     gpio.obj (.text)
                  0000316c    00000270     rtsv7M4_T_le_v4SPD16_eabi.lib : _printfi.c.obj (.text:_pconv_a)
                  000033dc    000001d0                                   : _printfi.c.obj (.text:_pconv_g)
                  000035ac    000001b6                                   : fd_add_t2.asm.obj (.text)
                  00003762    00000002     --HOLE-- [fill = 0]
                  00003764    00000160     spi0.obj (.text)
                  000038c4    0000013c     rtsv7M4_T_le_v4SPD16_eabi.lib : _printfi.c.obj (.text:_pconv_e)
                  00003a00    00000136                                   : fd_div_t2.asm.obj (.text)
                  00003b36    00000002     --HOLE-- [fill = 0]
                  00003b38    00000124                                   : _printfi.c.obj (.text:fcvt)
                  00003c5c    00000124     uart0.obj (.text)
                  00003d80    00000110     rtsv7M4_T_le_v4SPD16_eabi.lib : s_scalbn.c.obj (.text:scalbn)
                  00003e90    000000fc                                   : fd_mul_t2.asm.obj (.text)
                  00003f8c    000000b1                                   : _printfi.c.obj (.text:_ltostr)
                  0000403d    00000001     --HOLE-- [fill = 0]
                  0000403e    0000009c                                   : memcpy_t2.asm.obj (.text)
                  000040da    00000096                                   : ull_div_t2.asm.obj (.text)
                  00004170    00000086                                   : fd_cmp_t2.asm.obj (.text:__aeabi_cdcmple)
                  000041f6    00000086                                   : fd_cmp_t2.asm.obj (.text:__aeabi_cdrcmple)
                  0000427c    0000007a                                   : memset_t2.asm.obj (.text)
                  000042f6    0000006e                                   : _printfi.c.obj (.text:_mcpy)
                  00004364    00000068                                   : copy_decompress_lzss.c.obj (.text:decompress:lzss:__TI_decompress_lzss)
                  000043cc    00000064                                   : s_frexp.c.obj (.text:frexp)
                  00004430    00000056                                   : _printfi.c.obj (.text:_pconv_f)
                  00004486    00000054                                   : _ltoa.c.obj (.text:__TI_ltoa)
                  000044da    00000052                                   : _printfi.c.obj (.text:_ecpy)
                  0000452c    0000004c                                   : atoi.c.obj (.text:atoi)
                  00004578    00000048                                   : fd_toi_t2.asm.obj (.text)
                  000045c0    00000044                                   : autoinit.c.obj (.text:__TI_auto_init_nobinit_nopinit:__TI_auto_init_nobinit_nopinit)
                  00004604    00000040                                   : sprintf.c.obj (.text:sprintf)
                  00004644    0000003e                                   : _printfi.c.obj (.text:_fcpy)
                  00004682    00000002     --HOLE-- [fill = 0]
                  00004684    00000034                                   : boot_cortex_m.c.obj (.text:_c_int00_noargs:_c_int00_noargs)
                  000046b8    0000002e                                   : i_tofd_t2.asm.obj (.text)
                  000046e6    00000024     wait.obj (.text)
                  0000470a    0000001c     rtsv7M4_T_le_v4SPD16_eabi.lib : memccpy.c.obj (.text:memccpy)
                  00004726    0000001a                                   : s_copysign.c.obj (.text:copysign)
                  00004740    00000018                                   : sprintf.c.obj (.text:_outs)
                  00004758    00000018                                   : strcmp.c.obj (.text:strcmp)
                  00004770    00000016                                   : strchr.c.obj (.text:strchr)
                  00004786    00000014                                   : strlen.c.obj (.text:strlen)
                  0000479a    00000012                                   : wcslen.c.obj (.text:wcslen)
                  000047ac    00000010     clock.obj (.text)
                  000047bc    0000000e     rtsv7M4_T_le_v4SPD16_eabi.lib : copy_decompress_none.c.obj (.text:decompress:none:__TI_decompress_none)
                  000047ca    0000000c     tm4c123gh6pm_startup_ccs.obj (.text)
                  000047d6    0000000a     rtsv7M4_T_le_v4SPD16_eabi.lib : sprintf.c.obj (.text:_outc)
                  000047e0    00000008                                   : errno.c.obj (.text:__aeabi_errno_addr)
                  000047e8    00000004                                   : pre_init.c.obj (.text:_system_pre_init)
                  000047ec    00000004                                   : exit.c.obj (.text:abort:abort)

.const     0    000047f0    00000101     
                  000047f0    00000101     rtsv7M4_T_le_v4SPD16_eabi.lib : ctype.c.obj (.const:.string:_ctypes_)

.cinit     0    000048f8    00000028     
                  000048f8    00000018     (.cinit..data.load) [load image, compression = lzss]
                  00004910    00000008     (__TI_handler_table)
                  00004918    00000008     (__TI_cinit_table)

.init_array 
*          0    00000000    00000000     UNINITIALIZED

.data      0    20001000    0000001c     UNINITIALIZED
                  20001000    00000006     eth0.obj (.data:macAddress)
                  20001006    00000004     eth0.obj (.data)
                  2000100a    00000004     eth0.obj (.data:ipAddress)
                  2000100e    00000004     eth0.obj (.data:ipGwAddress)
                  20001012    00000004     eth0.obj (.data:ipSubnetMask)
                  20001016    00000002     --HOLE--
                  20001018    00000004     rtsv7M4_T_le_v4SPD16_eabi.lib : errno.c.obj (.data)

.stack     0    20000000    00001000     UNINITIALIZED
                  20000000    00000004     rtsv7M4_T_le_v4SPD16_eabi.lib : boot_cortex_m.c.obj (.stack)
                  20000004    00000ffc     --HOLE--

__llvm_prf_cnts 
*          0    20000000    00000000     UNINITIALIZED

MODULE SUMMARY

       Module                         code    ro data   rw data
       ------                         ----    -------   -------
    .\
       eth0.obj                       5044    0         22     
       ethernet.obj                   2362    0         0      
       gpio.obj                       1984    0         0      
       tm4c123gh6pm_startup_ccs.obj   12      620       0      
       spi0.obj                       352     0         0      
       uart0.obj                      292     0         0      
       wait.obj                       36      0         0      
       clock.obj                      16      0         0      
    +--+------------------------------+-------+---------+---------+
       Total:                         10098   620       22     
                                                               
    C:\ti\ccs1011\ccs\tools\compiler\ti-cgt-arm_20.2.1.LTS\lib\rtsv7M4_T_le_v4SPD16_eabi.lib
       _printfi.c.obj                 4851    0         0      
       fd_add_t2.asm.obj              438     0         0      
       fd_div_t2.asm.obj              310     0         0      
       s_scalbn.c.obj                 272     0         0      
       fd_cmp_t2.asm.obj              268     0         0      
       ctype.c.obj                    0       257       0      
       fd_mul_t2.asm.obj              252     0         0      
       memcpy_t2.asm.obj              156     0         0      
       ull_div_t2.asm.obj             150     0         0      
       memset_t2.asm.obj              122     0         0      
       copy_decompress_lzss.c.obj     104     0         0      
       s_frexp.c.obj                  100     0         0      
       sprintf.c.obj                  98      0         0      
       _ltoa.c.obj                    84      0         0      
       atoi.c.obj                     76      0         0      
       fd_toi_t2.asm.obj              72      0         0      
       autoinit.c.obj                 68      0         0      
       boot_cortex_m.c.obj            52      0         0      
       i_tofd_t2.asm.obj              46      0         0      
       memccpy.c.obj                  28      0         0      
       s_copysign.c.obj               26      0         0      
       strcmp.c.obj                   24      0         0      
       strchr.c.obj                   22      0         0      
       strlen.c.obj                   20      0         0      
       wcslen.c.obj                   18      0         0      
       copy_decompress_none.c.obj     14      0         0      
       errno.c.obj                    8       0         4      
       exit.c.obj                     4       0         0      
       pre_init.c.obj                 4       0         0      
       div0.asm.obj                   2       0         0      
    +--+------------------------------+-------+---------+---------+
       Total:                         7689    257       4      
                                                               
       Stack:                         0       0         4096   
       Linker Generated:              0       40        0      
    +--+------------------------------+-------+---------+---------+
       Grand Total:                   17787   917       4122   


LINKER GENERATED COPY TABLES

__TI_cinit_table @ 00004918 records: 1, size/record: 8, table size: 8
	.data: load addr=000048f8, load size=00000018 bytes, run addr=20001000, run size=0000001c bytes, compression=lzss


LINKER GENERATED HANDLER TABLE

__TI_handler_table @ 00004910 records: 2, size/record: 4, table size: 8
	index: 0, handler: __TI_decompress_lzss
	index: 1, handler: __TI_decompress_none


GLOBAL SYMBOLS: SORTED ALPHABETICALLY BY Name 

address   name                          
-------   ----                          
000047ed  C$$EXIT                       
000047cb  ResetISR                      
20001000  __STACK_END                   
00001000  __STACK_SIZE                  
20000200  __STACK_TOP                   
00004918  __TI_CINIT_Base               
00004920  __TI_CINIT_Limit              
00004910  __TI_Handler_Table_Base       
00004918  __TI_Handler_Table_Limit      
000045c1  __TI_auto_init_nobinit_nopinit
00004365  __TI_decompress_lzss          
000047bd  __TI_decompress_none          
00004487  __TI_ltoa                     
ffffffff  __TI_pprof_out_hndl           
00001621  __TI_printfi                  
ffffffff  __TI_prof_data_size           
ffffffff  __TI_prof_data_start          
00000000  __TI_static_base__            
00004171  __aeabi_cdcmpeq               
00004171  __aeabi_cdcmple               
000041f7  __aeabi_cdrcmple              
00004579  __aeabi_d2iz                  
000035b7  __aeabi_dadd                  
00003a01  __aeabi_ddiv                  
00003e91  __aeabi_dmul                  
000035ad  __aeabi_dsub                  
000047e1  __aeabi_errno_addr            
000046b9  __aeabi_i2d                   
0000206f  __aeabi_idiv0                 
0000206f  __aeabi_ldiv0                 
0000427d  __aeabi_memclr                
0000427d  __aeabi_memclr4               
0000427d  __aeabi_memclr8               
0000403f  __aeabi_memcpy                
0000403f  __aeabi_memcpy4               
0000403f  __aeabi_memcpy8               
0000427f  __aeabi_memset                
0000427f  __aeabi_memset4               
0000427f  __aeabi_memset8               
000040db  __aeabi_uldivmod              
ffffffff  __binit__                     
ffffffff  __c_args__                    
UNDEFED   __mpu_init                    
20000000  __stack                       
20000000  __start___llvm_prf_cnts       
20000000  __stop___llvm_prf_cnts        
00004685  _c_int00_noargs               
000047f0  _ctypes_                      
UNDEFED   _system_post_cinit            
000047e9  _system_pre_init              
000047ed  abort                         
00002453  alphabetToInteger             
0000452d  atoi                          
ffffffff  binit                         
00004727  copysign                      
00004727  copysignl                     
20001009  dhcpEnabled                   
00002fdd  disablePinInterrupt           
00002d15  disablePinPulldown            
00002ccd  disablePinPullup              
00002a69  disablePort                   
000020a5  displayConnectionInfo         
00002fb9  enablePinInterrupt            
00002cf1  enablePinPulldown             
00002c9f  enablePinPullup               
000029ad  enablePort                    
20001018  errno                         
0000093d  etherCalcIpChecksum           
0000032b  etherClearReg                 
00000283  etherCsOff                    
0000026d  etherCsOn                     
000013c3  etherDisableDhcpMode          
000013bb  etherEnableDhcpMode           
000013a5  etherGetId                    
00001437  etherGetIpAddress             
0000151b  etherGetIpGatewayAddress      
000014a9  etherGetIpSubnetMask          
00001597  etherGetMacAddress            
000006a3  etherGetPacket                
000011d7  etherGetUdpData               
000013b1  etherIncId                    
00000477  etherInit                     
00000bfd  etherIsArpRequest             
00000c9b  etherIsArpResponse            
00000659  etherIsDataAvailable          
000013cb  etherIsDhcpEnabled            
000009cd  etherIsIp                     
00000a3d  etherIsIpUnicast              
000013d1  etherIsIpValid                
0000063f  etherIsLinkUp                 
00000673  etherIsOverflow               
00000aa1  etherIsPingRequest            
0000112f  etherIsUdp                    
00000795  etherPutPacket                
0000045f  etherReadMem                  
0000044d  etherReadMemStart             
0000046f  etherReadMemStop              
000003b3  etherReadPhy                  
000002c5  etherReadReg                  
00001021  etherSendArpRequest           
00000f51  etherSendArpResponse          
00000aed  etherSendPingResponse         
00000d3d  etherSendTCP                  
00001209  etherSendUdpResponse          
0000035f  etherSetBank                  
000013ff  etherSetIpAddress             
000014e3  etherSetIpGatewayAddress      
00001471  etherSetIpSubnetMask          
00001555  etherSetMacAddress            
000002f7  etherSetReg                   
0000087b  etherSumWords                 
00000431  etherWriteMem                 
0000041f  etherWriteMemStart            
00000445  etherWriteMemStop             
0000037b  etherWritePhy                 
00000291  etherWriteReg                 
000043cd  frexp                         
000043cd  frexpl                        
00000000  g_pfnVectors                  
00000901  getEtherChecksum              
00002553  getFieldInteger               
00002403  getFieldString                
00003027  getPinValue                   
000030dd  getPortValue                  
00003d2f  getcUart0                     
0000222f  getsUart0                     
00000999  htonl                         
00000975  htons                         
00002071  initHw                        
00003765  initSpi0                      
000047ad  initSystemClockTo40Mhz        
00003c5d  initUart0                     
2000100a  ipAddress                     
2000100e  ipGwAddress                   
20001012  ipSubnetMask                  
0000258d  isCommand                     
00003d43  kbhitUart0                    
00003d81  ldexp                         
00003d81  ldexpl                        
20001000  macAddress                    
000025bf  main                          
0000470b  memccpy                       
0000403f  memcpy                        
00004285  memset                        
20001006  nextPacketLsb                 
20001007  nextPacketMsb                 
000022c1  parseFields                   
00003ce7  putcUart0                     
00003d03  putsUart0                     
0000389d  readSpi0Data                  
00003d81  scalbn                        
00003d81  scalbnl                       
00002bd3  selectPinAnalogInput          
00002b85  selectPinDigitalInput         
00002eef  selectPinInterruptBothEdges   
00002e9f  selectPinInterruptFallingEdge 
00002f45  selectPinInterruptHighLevel   
00002f7f  selectPinInterruptLowLevel    
00002e4f  selectPinInterruptRisingEdge  
00002b37  selectPinOpenDrainOutput      
00002ae9  selectPinPushPullOutput       
20001008  sequenceId                    
00002d3d  setPinAuxFunction             
00002c23  setPinCommitControl           
00003001  setPinValue                   
00003059  setPortValue                  
00003801  setSpi0BaudRate               
00003837  setSpi0Mode                   
00003ca7  setUart0BaudRate              
00004605  sprintf                       
00004771  strchr                        
00004759  strcmp                        
000024b7  stringCompare                 
00004787  strlen                        
000046e7  waitMicrosecond               
0000479b  wcslen                        
00003885  writeSpi0Data                 


GLOBAL SYMBOLS: SORTED BY Symbol Address 

address   name                          
-------   ----                          
00000000  __TI_static_base__            
00000000  g_pfnVectors                  
0000026d  etherCsOn                     
00000283  etherCsOff                    
00000291  etherWriteReg                 
000002c5  etherReadReg                  
000002f7  etherSetReg                   
0000032b  etherClearReg                 
0000035f  etherSetBank                  
0000037b  etherWritePhy                 
000003b3  etherReadPhy                  
0000041f  etherWriteMemStart            
00000431  etherWriteMem                 
00000445  etherWriteMemStop             
0000044d  etherReadMemStart             
0000045f  etherReadMem                  
0000046f  etherReadMemStop              
00000477  etherInit                     
0000063f  etherIsLinkUp                 
00000659  etherIsDataAvailable          
00000673  etherIsOverflow               
000006a3  etherGetPacket                
00000795  etherPutPacket                
0000087b  etherSumWords                 
00000901  getEtherChecksum              
0000093d  etherCalcIpChecksum           
00000975  htons                         
00000999  htonl                         
000009cd  etherIsIp                     
00000a3d  etherIsIpUnicast              
00000aa1  etherIsPingRequest            
00000aed  etherSendPingResponse         
00000bfd  etherIsArpRequest             
00000c9b  etherIsArpResponse            
00000d3d  etherSendTCP                  
00000f51  etherSendArpResponse          
00001000  __STACK_SIZE                  
00001021  etherSendArpRequest           
0000112f  etherIsUdp                    
000011d7  etherGetUdpData               
00001209  etherSendUdpResponse          
000013a5  etherGetId                    
000013b1  etherIncId                    
000013bb  etherEnableDhcpMode           
000013c3  etherDisableDhcpMode          
000013cb  etherIsDhcpEnabled            
000013d1  etherIsIpValid                
000013ff  etherSetIpAddress             
00001437  etherGetIpAddress             
00001471  etherSetIpSubnetMask          
000014a9  etherGetIpSubnetMask          
000014e3  etherSetIpGatewayAddress      
0000151b  etherGetIpGatewayAddress      
00001555  etherSetMacAddress            
00001597  etherGetMacAddress            
00001621  __TI_printfi                  
0000206f  __aeabi_idiv0                 
0000206f  __aeabi_ldiv0                 
00002071  initHw                        
000020a5  displayConnectionInfo         
0000222f  getsUart0                     
000022c1  parseFields                   
00002403  getFieldString                
00002453  alphabetToInteger             
000024b7  stringCompare                 
00002553  getFieldInteger               
0000258d  isCommand                     
000025bf  main                          
000029ad  enablePort                    
00002a69  disablePort                   
00002ae9  selectPinPushPullOutput       
00002b37  selectPinOpenDrainOutput      
00002b85  selectPinDigitalInput         
00002bd3  selectPinAnalogInput          
00002c23  setPinCommitControl           
00002c9f  enablePinPullup               
00002ccd  disablePinPullup              
00002cf1  enablePinPulldown             
00002d15  disablePinPulldown            
00002d3d  setPinAuxFunction             
00002e4f  selectPinInterruptRisingEdge  
00002e9f  selectPinInterruptFallingEdge 
00002eef  selectPinInterruptBothEdges   
00002f45  selectPinInterruptHighLevel   
00002f7f  selectPinInterruptLowLevel    
00002fb9  enablePinInterrupt            
00002fdd  disablePinInterrupt           
00003001  setPinValue                   
00003027  getPinValue                   
00003059  setPortValue                  
000030dd  getPortValue                  
000035ad  __aeabi_dsub                  
000035b7  __aeabi_dadd                  
00003765  initSpi0                      
00003801  setSpi0BaudRate               
00003837  setSpi0Mode                   
00003885  writeSpi0Data                 
0000389d  readSpi0Data                  
00003a01  __aeabi_ddiv                  
00003c5d  initUart0                     
00003ca7  setUart0BaudRate              
00003ce7  putcUart0                     
00003d03  putsUart0                     
00003d2f  getcUart0                     
00003d43  kbhitUart0                    
00003d81  ldexp                         
00003d81  ldexpl                        
00003d81  scalbn                        
00003d81  scalbnl                       
00003e91  __aeabi_dmul                  
0000403f  __aeabi_memcpy                
0000403f  __aeabi_memcpy4               
0000403f  __aeabi_memcpy8               
0000403f  memcpy                        
000040db  __aeabi_uldivmod              
00004171  __aeabi_cdcmpeq               
00004171  __aeabi_cdcmple               
000041f7  __aeabi_cdrcmple              
0000427d  __aeabi_memclr                
0000427d  __aeabi_memclr4               
0000427d  __aeabi_memclr8               
0000427f  __aeabi_memset                
0000427f  __aeabi_memset4               
0000427f  __aeabi_memset8               
00004285  memset                        
00004365  __TI_decompress_lzss          
000043cd  frexp                         
000043cd  frexpl                        
00004487  __TI_ltoa                     
0000452d  atoi                          
00004579  __aeabi_d2iz                  
000045c1  __TI_auto_init_nobinit_nopinit
00004605  sprintf                       
00004685  _c_int00_noargs               
000046b9  __aeabi_i2d                   
000046e7  waitMicrosecond               
0000470b  memccpy                       
00004727  copysign                      
00004727  copysignl                     
00004759  strcmp                        
00004771  strchr                        
00004787  strlen                        
0000479b  wcslen                        
000047ad  initSystemClockTo40Mhz        
000047bd  __TI_decompress_none          
000047cb  ResetISR                      
000047e1  __aeabi_errno_addr            
000047e9  _system_pre_init              
000047ed  C$$EXIT                       
000047ed  abort                         
000047f0  _ctypes_                      
00004910  __TI_Handler_Table_Base       
00004918  __TI_CINIT_Base               
00004918  __TI_Handler_Table_Limit      
00004920  __TI_CINIT_Limit              
20000000  __stack                       
20000000  __start___llvm_prf_cnts       
20000000  __stop___llvm_prf_cnts        
20000200  __STACK_TOP                   
20001000  __STACK_END                   
20001000  macAddress                    
20001006  nextPacketLsb                 
20001007  nextPacketMsb                 
20001008  sequenceId                    
20001009  dhcpEnabled                   
2000100a  ipAddress                     
2000100e  ipGwAddress                   
20001012  ipSubnetMask                  
20001018  errno                         
ffffffff  __TI_pprof_out_hndl           
ffffffff  __TI_prof_data_size           
ffffffff  __TI_prof_data_start          
ffffffff  __binit__                     
ffffffff  __c_args__                    
ffffffff  binit                         
UNDEFED   __mpu_init                    
UNDEFED   _system_post_cinit            

[177 symbols]
