******************************************************************************
                  TI ARM Linker PC v20.2.1                     
******************************************************************************
>> Linked Tue Mar 23 13:45:43 2021

OUTPUT FILE NAME:   <iot1.out>
ENTRY POINT SYMBOL: "_c_int00_noargs"  address: 00005b01


MEMORY CONFIGURATION

         name            origin    length      used     unused   attr    fill
----------------------  --------  ---------  --------  --------  ----  --------
  FLASH                 00000000   00040000  00005d89  0003a277  R  X
  SRAM                  20000000   00008000  00001028  00006fd8  RW X


SEGMENT ALLOCATION MAP

run origin  load origin   length   init length attrs members
----------  ----------- ---------- ----------- ----- -------
00000000    00000000    00005d90   00005d90    r-x
  00000000    00000000    0000026c   0000026c    r-- .intvecs
  0000026c    0000026c    000059e8   000059e8    r-x .text
  00005c54    00005c54    00000105   00000105    r-- .const
  00005d60    00005d60    00000030   00000030    r-- .cinit
20000000    20000000    00001028   00000000    rw-
  20000000    20000000    00001000   00000000    rw- .stack
  20001000    20001000    00000028   00000000    rw- .data


SECTION ALLOCATION MAP

 output                                  attributes/
section   page    origin      length       input sections
--------  ----  ----------  ----------   ----------------
.intvecs   0    00000000    0000026c     
                  00000000    0000026c     tm4c123gh6pm_startup_ccs.obj (.intvecs)

.text      0    0000026c    000059e8     
                  0000026c    00001574     eth0.obj (.text)
                  000017e0    00001538     ethernet.obj (.text)
                  00002d18    00000a4e     rtsv7M4_T_le_v4SPD16_eabi.lib : _printfi.c.obj (.text:__TI_printfi)
                  00003766    00000002                                   : div0.asm.obj (.text)
                  00003768    000007c0     gpio.obj (.text)
                  00003f28    0000063c     mqqt.obj (.text)
                  00004564    00000270     rtsv7M4_T_le_v4SPD16_eabi.lib : _printfi.c.obj (.text:_pconv_a)
                  000047d4    000001d0                                   : _printfi.c.obj (.text:_pconv_g)
                  000049a4    000001b6                                   : fd_add_t2.asm.obj (.text)
                  00004b5a    00000002     --HOLE-- [fill = 0]
                  00004b5c    00000160     spi0.obj (.text)
                  00004cbc    0000013c     rtsv7M4_T_le_v4SPD16_eabi.lib : _printfi.c.obj (.text:_pconv_e)
                  00004df8    00000136                                   : fd_div_t2.asm.obj (.text)
                  00004f2e    00000002     --HOLE-- [fill = 0]
                  00004f30    00000124                                   : _printfi.c.obj (.text:fcvt)
                  00005054    00000124     uart0.obj (.text)
                  00005178    00000110     rtsv7M4_T_le_v4SPD16_eabi.lib : s_scalbn.c.obj (.text:scalbn)
                  00005288    000000fc                                   : fd_mul_t2.asm.obj (.text)
                  00005384    000000b1                                   : _printfi.c.obj (.text:_ltostr)
                  00005435    00000001     --HOLE-- [fill = 0]
                  00005436    0000009c                                   : memcpy_t2.asm.obj (.text)
                  000054d2    00000096                                   : ull_div_t2.asm.obj (.text)
                  00005568    00000086                                   : fd_cmp_t2.asm.obj (.text:__aeabi_cdcmple)
                  000055ee    00000086                                   : fd_cmp_t2.asm.obj (.text:__aeabi_cdrcmple)
                  00005674    00000084     eeprom.obj (.text)
                  000056f8    0000007a     rtsv7M4_T_le_v4SPD16_eabi.lib : memset_t2.asm.obj (.text)
                  00005772    0000006e                                   : _printfi.c.obj (.text:_mcpy)
                  000057e0    00000068                                   : copy_decompress_lzss.c.obj (.text:decompress:lzss:__TI_decompress_lzss)
                  00005848    00000064                                   : s_frexp.c.obj (.text:frexp)
                  000058ac    00000056                                   : _printfi.c.obj (.text:_pconv_f)
                  00005902    00000054                                   : _ltoa.c.obj (.text:__TI_ltoa)
                  00005956    00000052                                   : _printfi.c.obj (.text:_ecpy)
                  000059a8    0000004c                                   : atoi.c.obj (.text:atoi)
                  000059f4    00000048                                   : fd_toi_t2.asm.obj (.text)
                  00005a3c    00000044                                   : autoinit.c.obj (.text:__TI_auto_init_nobinit_nopinit:__TI_auto_init_nobinit_nopinit)
                  00005a80    00000040                                   : sprintf.c.obj (.text:sprintf)
                  00005ac0    0000003e                                   : _printfi.c.obj (.text:_fcpy)
                  00005afe    00000002     --HOLE-- [fill = 0]
                  00005b00    00000034                                   : boot_cortex_m.c.obj (.text:_c_int00_noargs:_c_int00_noargs)
                  00005b34    0000002e                                   : i_tofd_t2.asm.obj (.text)
                  00005b62    00000024     wait.obj (.text)
                  00005b86    0000001c     rtsv7M4_T_le_v4SPD16_eabi.lib : memccpy.c.obj (.text:memccpy)
                  00005ba2    0000001a                                   : s_copysign.c.obj (.text:copysign)
                  00005bbc    00000018                                   : sprintf.c.obj (.text:_outs)
                  00005bd4    00000016                                   : strchr.c.obj (.text:strchr)
                  00005bea    00000014                                   : strlen.c.obj (.text:strlen)
                  00005bfe    00000012                                   : wcslen.c.obj (.text:wcslen)
                  00005c10    00000010     clock.obj (.text)
                  00005c20    0000000e     rtsv7M4_T_le_v4SPD16_eabi.lib : copy_decompress_none.c.obj (.text:decompress:none:__TI_decompress_none)
                  00005c2e    0000000c     tm4c123gh6pm_startup_ccs.obj (.text)
                  00005c3a    0000000a     rtsv7M4_T_le_v4SPD16_eabi.lib : sprintf.c.obj (.text:_outc)
                  00005c44    00000008                                   : errno.c.obj (.text:__aeabi_errno_addr)
                  00005c4c    00000004                                   : pre_init.c.obj (.text:_system_pre_init)
                  00005c50    00000004                                   : exit.c.obj (.text:abort:abort)

.const     0    00005c54    00000105     
                  00005c54    00000101     rtsv7M4_T_le_v4SPD16_eabi.lib : ctype.c.obj (.const:.string:_ctypes_)
                  00005d55    00000004     mqqt.obj (.const:.string:$P$T0$1)

.cinit     0    00005d60    00000030     
                  00005d60    0000001d     (.cinit..data.load) [load image, compression = lzss]
                  00005d7d    00000003     --HOLE-- [fill = 0]
                  00005d80    00000008     (__TI_handler_table)
                  00005d88    00000008     (__TI_cinit_table)

.init_array 
*          0    00000000    00000000     UNINITIALIZED

.data      0    20001000    00000028     UNINITIALIZED
                  20001000    0000000d     ethernet.obj (.data)
                  2000100d    00000006     eth0.obj (.data:macAddress)
                  20001013    00000004     eth0.obj (.data)
                  20001017    00000004     eth0.obj (.data:ipAddress)
                  2000101b    00000004     eth0.obj (.data:ipGwAddress)
                  2000101f    00000004     eth0.obj (.data:ipSubnetMask)
                  20001023    00000001     --HOLE--
                  20001024    00000004     rtsv7M4_T_le_v4SPD16_eabi.lib : errno.c.obj (.data)

.stack     0    20000000    00001000     UNINITIALIZED
                  20000000    00000004     rtsv7M4_T_le_v4SPD16_eabi.lib : boot_cortex_m.c.obj (.stack)
                  20000004    00000ffc     --HOLE--

__llvm_prf_cnts 
*          0    20000000    00000000     UNINITIALIZED

MODULE SUMMARY

       Module                         code    ro data   rw data
       ------                         ----    -------   -------
    .\
       eth0.obj                       5492    0         22     
       ethernet.obj                   5432    0         13     
       gpio.obj                       1984    0         0      
       mqqt.obj                       1596    4         0      
       tm4c123gh6pm_startup_ccs.obj   12      620       0      
       spi0.obj                       352     0         0      
       uart0.obj                      292     0         0      
       eeprom.obj                     132     0         0      
       wait.obj                       36      0         0      
       clock.obj                      16      0         0      
    +--+------------------------------+-------+---------+---------+
       Total:                         15344   624       35     
                                                               
    C:\ti\ccs1011\ccs\tools\compiler\ti-cgt-arm_20.2.1.LTS\lib\rtsv7M4_T_le_v4SPD16_eabi.lib
       _printfi.c.obj                 4851    0         0      
       fd_add_t2.asm.obj              438     0         0      
       fd_div_t2.asm.obj              310     0         0      
       s_scalbn.c.obj                 272     0         0      
       fd_cmp_t2.asm.obj              268     0         0      
       ctype.c.obj                    0       257       0      
       fd_mul_t2.asm.obj              252     0         0      
       memcpy_t2.asm.obj              156     0         0      
       ull_div_t2.asm.obj             150     0         0      
       memset_t2.asm.obj              122     0         0      
       copy_decompress_lzss.c.obj     104     0         0      
       s_frexp.c.obj                  100     0         0      
       sprintf.c.obj                  98      0         0      
       _ltoa.c.obj                    84      0         0      
       atoi.c.obj                     76      0         0      
       fd_toi_t2.asm.obj              72      0         0      
       autoinit.c.obj                 68      0         0      
       boot_cortex_m.c.obj            52      0         0      
       i_tofd_t2.asm.obj              46      0         0      
       memccpy.c.obj                  28      0         0      
       s_copysign.c.obj               26      0         0      
       strchr.c.obj                   22      0         0      
       strlen.c.obj                   20      0         0      
       wcslen.c.obj                   18      0         0      
       copy_decompress_none.c.obj     14      0         0      
       errno.c.obj                    8       0         4      
       exit.c.obj                     4       0         0      
       pre_init.c.obj                 4       0         0      
       div0.asm.obj                   2       0         0      
    +--+------------------------------+-------+---------+---------+
       Total:                         7665    257       4      
                                                               
       Stack:                         0       0         4096   
       Linker Generated:              0       45        0      
    +--+------------------------------+-------+---------+---------+
       Grand Total:                   23009   926       4135   


LINKER GENERATED COPY TABLES

__TI_cinit_table @ 00005d88 records: 1, size/record: 8, table size: 8
	.data: load addr=00005d60, load size=0000001d bytes, run addr=20001000, run size=00000028 bytes, compression=lzss


LINKER GENERATED HANDLER TABLE

__TI_handler_table @ 00005d80 records: 2, size/record: 4, table size: 8
	index: 0, handler: __TI_decompress_lzss
	index: 1, handler: __TI_decompress_none


GLOBAL SYMBOLS: SORTED ALPHABETICALLY BY Name 

address   name                          
-------   ----                          
00005c51  C$$EXIT                       
2000100a  EstablishedState              
20001008  FSM_State                     
00005c2f  ResetISR                      
20001000  __STACK_END                   
00001000  __STACK_SIZE                  
20000200  __STACK_TOP                   
00005d88  __TI_CINIT_Base               
00005d90  __TI_CINIT_Limit              
00005d80  __TI_Handler_Table_Base       
00005d88  __TI_Handler_Table_Limit      
00005a3d  __TI_auto_init_nobinit_nopinit
000057e1  __TI_decompress_lzss          
00005c21  __TI_decompress_none          
00005903  __TI_ltoa                     
ffffffff  __TI_pprof_out_hndl           
00002d19  __TI_printfi                  
ffffffff  __TI_prof_data_size           
ffffffff  __TI_prof_data_start          
00000000  __TI_static_base__            
00005569  __aeabi_cdcmpeq               
00005569  __aeabi_cdcmple               
000055ef  __aeabi_cdrcmple              
000059f5  __aeabi_d2iz                  
000049af  __aeabi_dadd                  
00004df9  __aeabi_ddiv                  
00005289  __aeabi_dmul                  
000049a5  __aeabi_dsub                  
00005c45  __aeabi_errno_addr            
00005b35  __aeabi_i2d                   
00003767  __aeabi_idiv0                 
00003767  __aeabi_ldiv0                 
000056f9  __aeabi_memclr                
000056f9  __aeabi_memclr4               
000056f9  __aeabi_memclr8               
00005437  __aeabi_memcpy                
00005437  __aeabi_memcpy4               
00005437  __aeabi_memcpy8               
000056fb  __aeabi_memset                
000056fb  __aeabi_memset4               
000056fb  __aeabi_memset8               
000054d3  __aeabi_uldivmod              
ffffffff  __binit__                     
ffffffff  __c_args__                    
UNDEFED   __mpu_init                    
20000000  __stack                       
20000000  __start___llvm_prf_cnts       
20000000  __stop___llvm_prf_cnts        
00005b01  _c_int00_noargs               
00005c54  _ctypes_                      
UNDEFED   _system_post_cinit            
00005c4d  _system_pre_init              
20001004  aNum                          
00005c51  abort                         
00001ea1  alphabetToInteger             
000059a9  atoi                          
ffffffff  binit                         
00005ba3  copysign                      
00005ba3  copysignl                     
2000100b  counter                       
20001016  dhcpEnabled                   
00003d99  disablePinInterrupt           
00003ad1  disablePinPulldown            
00003a89  disablePinPullup              
00003825  disablePort                   
00001815  displayConnectionInfo         
000019a5  displayStatus                 
00003d75  enablePinInterrupt            
00003aad  enablePinPulldown             
00003a5b  enablePinPullup               
00003769  enablePort                    
20001024  errno                         
0000093d  etherCalcIpChecksum           
0000032b  etherClearReg                 
00000283  etherCsOff                    
0000026d  etherCsOn                     
00001583  etherDisableDhcpMode          
0000157b  etherEnableDhcpMode           
00001565  etherGetId                    
000015f5  etherGetIpAddress             
000016d9  etherGetIpGatewayAddress      
00001667  etherGetIpSubnetMask          
00001755  etherGetMacAddress            
000006a3  etherGetPacket                
00001397  etherGetUdpData               
00001571  etherIncId                    
00000477  etherInit                     
00000d4d  etherIsArpRequest             
00000deb  etherIsArpResponse            
00000659  etherIsDataAvailable          
0000158b  etherIsDhcpEnabled            
000009cd  etherIsIp                     
00000a3d  etherIsIpUnicast              
00001591  etherIsIpValid                
0000063f  etherIsLinkUp                 
00000673  etherIsOverflow               
00000beb  etherIsPingRequest            
00000aa1  etherIsTcpResponse            
000012ef  etherIsUdp                    
00000795  etherPutPacket                
0000045f  etherReadMem                  
0000044d  etherReadMemStart             
0000046f  etherReadMemStop              
000003b3  etherReadPhy                  
000002c5  etherReadReg                  
000011e1  etherSendArpRequest           
00001111  etherSendArpResponse          
00000c37  etherSendPingResponse         
00000e8d  etherSendTCP                  
000013c9  etherSendUdpResponse          
0000035f  etherSetBank                  
000015bd  etherSetIpAddress             
000016a1  etherSetIpGatewayAddress      
0000162f  etherSetIpSubnetMask          
00001713  etherSetMacAddress            
000002f7  etherSetReg                   
0000087b  etherSumWords                 
00000431  etherWriteMem                 
0000041f  etherWriteMemStart            
00000445  etherWriteMemStop             
0000037b  etherWritePhy                 
00000291  etherWriteReg                 
00005849  frexp                         
00005849  frexpl                        
00000000  g_pfnVectors                  
0000401f  getConnectPacket              
00004009  getDisconnectPacket           
00000901  getEtherChecksum              
00001f7f  getFieldInteger               
00001e65  getFieldString                
00000b9b  getLength                     
00003fe3  getMQTTPacket                 
00003de3  getPinValue                   
00003e99  getPortValue                  
0000413b  getPublishPacket              
00003f93  getRemLength                  
00004395  getRemainingLengthFromPublish 
00004267  getSubscribePacket            
00005127  getcUart0                     
00001b4f  getsUart0                     
00003f29  getutf8Encoding               
00000999  htonl                         
00000975  htons                         
00005675  initEeprom                    
000017e1  initHw                        
00004b5d  initSpi0                      
00005c11  initSystemClockTo40Mhz        
00005055  initUart0                     
20001017  ipAddress                     
2000101b  ipGwAddress                   
2000101f  ipSubnetMask                  
00001fb9  isCommand                     
0000513b  kbhitUart0                    
00005179  ldexp                         
00005179  ldexpl                        
2000100d  macAddress                    
00001feb  main                          
00005b87  memccpy                       
00005437  memcpy                        
00005701  memset                        
20001013  nextPacketLsb                 
20001014  nextPacketMsb                 
00001c95  parseFields                   
000043fb  printPublishedPacket          
000050df  putcUart0                     
000050fb  putsUart0                     
000056bd  readEeprom                    
00004c95  readSpi0Data                  
00001b0b  reboot                        
20001000  sNum                          
00005179  scalbn                        
00005179  scalbnl                       
0000398f  selectPinAnalogInput          
00003941  selectPinDigitalInput         
00003cab  selectPinInterruptBothEdges   
00003c5b  selectPinInterruptFallingEdge 
00003d01  selectPinInterruptHighLevel   
00003d3b  selectPinInterruptLowLevel    
00003c0b  selectPinInterruptRisingEdge  
000038f3  selectPinOpenDrainOutput      
000038a5  selectPinPushPullOutput       
20001015  sequenceId                    
00003af9  setPinAuxFunction             
000039df  setPinCommitControl           
00003dbd  setPinValue                   
00003e15  setPortValue                  
00004bf9  setSpi0BaudRate               
00004c2f  setSpi0Mode                   
0000509f  setUart0BaudRate              
00005a81  sprintf                       
00005bd5  strchr                        
00001ee3  stringCompare                 
00005beb  strlen                        
2000100c  tester                        
00005b63  waitMicrosecond               
00005bff  wcslen                        
0000568b  writeEeprom                   
00004c7d  writeSpi0Data                 


GLOBAL SYMBOLS: SORTED BY Symbol Address 

address   name                          
-------   ----                          
00000000  __TI_static_base__            
00000000  g_pfnVectors                  
0000026d  etherCsOn                     
00000283  etherCsOff                    
00000291  etherWriteReg                 
000002c5  etherReadReg                  
000002f7  etherSetReg                   
0000032b  etherClearReg                 
0000035f  etherSetBank                  
0000037b  etherWritePhy                 
000003b3  etherReadPhy                  
0000041f  etherWriteMemStart            
00000431  etherWriteMem                 
00000445  etherWriteMemStop             
0000044d  etherReadMemStart             
0000045f  etherReadMem                  
0000046f  etherReadMemStop              
00000477  etherInit                     
0000063f  etherIsLinkUp                 
00000659  etherIsDataAvailable          
00000673  etherIsOverflow               
000006a3  etherGetPacket                
00000795  etherPutPacket                
0000087b  etherSumWords                 
00000901  getEtherChecksum              
0000093d  etherCalcIpChecksum           
00000975  htons                         
00000999  htonl                         
000009cd  etherIsIp                     
00000a3d  etherIsIpUnicast              
00000aa1  etherIsTcpResponse            
00000b9b  getLength                     
00000beb  etherIsPingRequest            
00000c37  etherSendPingResponse         
00000d4d  etherIsArpRequest             
00000deb  etherIsArpResponse            
00000e8d  etherSendTCP                  
00001000  __STACK_SIZE                  
00001111  etherSendArpResponse          
000011e1  etherSendArpRequest           
000012ef  etherIsUdp                    
00001397  etherGetUdpData               
000013c9  etherSendUdpResponse          
00001565  etherGetId                    
00001571  etherIncId                    
0000157b  etherEnableDhcpMode           
00001583  etherDisableDhcpMode          
0000158b  etherIsDhcpEnabled            
00001591  etherIsIpValid                
000015bd  etherSetIpAddress             
000015f5  etherGetIpAddress             
0000162f  etherSetIpSubnetMask          
00001667  etherGetIpSubnetMask          
000016a1  etherSetIpGatewayAddress      
000016d9  etherGetIpGatewayAddress      
00001713  etherSetMacAddress            
00001755  etherGetMacAddress            
000017e1  initHw                        
00001815  displayConnectionInfo         
000019a5  displayStatus                 
00001b0b  reboot                        
00001b4f  getsUart0                     
00001c95  parseFields                   
00001e65  getFieldString                
00001ea1  alphabetToInteger             
00001ee3  stringCompare                 
00001f7f  getFieldInteger               
00001fb9  isCommand                     
00001feb  main                          
00002d19  __TI_printfi                  
00003767  __aeabi_idiv0                 
00003767  __aeabi_ldiv0                 
00003769  enablePort                    
00003825  disablePort                   
000038a5  selectPinPushPullOutput       
000038f3  selectPinOpenDrainOutput      
00003941  selectPinDigitalInput         
0000398f  selectPinAnalogInput          
000039df  setPinCommitControl           
00003a5b  enablePinPullup               
00003a89  disablePinPullup              
00003aad  enablePinPulldown             
00003ad1  disablePinPulldown            
00003af9  setPinAuxFunction             
00003c0b  selectPinInterruptRisingEdge  
00003c5b  selectPinInterruptFallingEdge 
00003cab  selectPinInterruptBothEdges   
00003d01  selectPinInterruptHighLevel   
00003d3b  selectPinInterruptLowLevel    
00003d75  enablePinInterrupt            
00003d99  disablePinInterrupt           
00003dbd  setPinValue                   
00003de3  getPinValue                   
00003e15  setPortValue                  
00003e99  getPortValue                  
00003f29  getutf8Encoding               
00003f93  getRemLength                  
00003fe3  getMQTTPacket                 
00004009  getDisconnectPacket           
0000401f  getConnectPacket              
0000413b  getPublishPacket              
00004267  getSubscribePacket            
00004395  getRemainingLengthFromPublish 
000043fb  printPublishedPacket          
000049a5  __aeabi_dsub                  
000049af  __aeabi_dadd                  
00004b5d  initSpi0                      
00004bf9  setSpi0BaudRate               
00004c2f  setSpi0Mode                   
00004c7d  writeSpi0Data                 
00004c95  readSpi0Data                  
00004df9  __aeabi_ddiv                  
00005055  initUart0                     
0000509f  setUart0BaudRate              
000050df  putcUart0                     
000050fb  putsUart0                     
00005127  getcUart0                     
0000513b  kbhitUart0                    
00005179  ldexp                         
00005179  ldexpl                        
00005179  scalbn                        
00005179  scalbnl                       
00005289  __aeabi_dmul                  
00005437  __aeabi_memcpy                
00005437  __aeabi_memcpy4               
00005437  __aeabi_memcpy8               
00005437  memcpy                        
000054d3  __aeabi_uldivmod              
00005569  __aeabi_cdcmpeq               
00005569  __aeabi_cdcmple               
000055ef  __aeabi_cdrcmple              
00005675  initEeprom                    
0000568b  writeEeprom                   
000056bd  readEeprom                    
000056f9  __aeabi_memclr                
000056f9  __aeabi_memclr4               
000056f9  __aeabi_memclr8               
000056fb  __aeabi_memset                
000056fb  __aeabi_memset4               
000056fb  __aeabi_memset8               
00005701  memset                        
000057e1  __TI_decompress_lzss          
00005849  frexp                         
00005849  frexpl                        
00005903  __TI_ltoa                     
000059a9  atoi                          
000059f5  __aeabi_d2iz                  
00005a3d  __TI_auto_init_nobinit_nopinit
00005a81  sprintf                       
00005b01  _c_int00_noargs               
00005b35  __aeabi_i2d                   
00005b63  waitMicrosecond               
00005b87  memccpy                       
00005ba3  copysign                      
00005ba3  copysignl                     
00005bd5  strchr                        
00005beb  strlen                        
00005bff  wcslen                        
00005c11  initSystemClockTo40Mhz        
00005c21  __TI_decompress_none          
00005c2f  ResetISR                      
00005c45  __aeabi_errno_addr            
00005c4d  _system_pre_init              
00005c51  C$$EXIT                       
00005c51  abort                         
00005c54  _ctypes_                      
00005d80  __TI_Handler_Table_Base       
00005d88  __TI_CINIT_Base               
00005d88  __TI_Handler_Table_Limit      
00005d90  __TI_CINIT_Limit              
20000000  __stack                       
20000000  __start___llvm_prf_cnts       
20000000  __stop___llvm_prf_cnts        
20000200  __STACK_TOP                   
20001000  __STACK_END                   
20001000  sNum                          
20001004  aNum                          
20001008  FSM_State                     
2000100a  EstablishedState              
2000100b  counter                       
2000100c  tester                        
2000100d  macAddress                    
20001013  nextPacketLsb                 
20001014  nextPacketMsb                 
20001015  sequenceId                    
20001016  dhcpEnabled                   
20001017  ipAddress                     
2000101b  ipGwAddress                   
2000101f  ipSubnetMask                  
20001024  errno                         
ffffffff  __TI_pprof_out_hndl           
ffffffff  __TI_prof_data_size           
ffffffff  __TI_prof_data_start          
ffffffff  __binit__                     
ffffffff  __c_args__                    
ffffffff  binit                         
UNDEFED   __mpu_init                    
UNDEFED   _system_post_cinit            

[198 symbols]
