******************************************************************************
                  TI ARM Linker PC v20.2.1                     
******************************************************************************
>> Linked Tue Mar 23 06:01:39 2021

OUTPUT FILE NAME:   <iot1.out>
ENTRY POINT SYMBOL: "_c_int00_noargs"  address: 000054c5


MEMORY CONFIGURATION

         name            origin    length      used     unused   attr    fill
----------------------  --------  ---------  --------  --------  ----  --------
  FLASH                 00000000   00040000  0000574d  0003a8b3  R  X
  SRAM                  20000000   00008000  00001028  00006fd8  RW X


SEGMENT ALLOCATION MAP

run origin  load origin   length   init length attrs members
----------  ----------- ---------- ----------- ----- -------
00000000    00000000    00005750   00005750    r-x
  00000000    00000000    0000026c   0000026c    r-- .intvecs
  0000026c    0000026c    000053ac   000053ac    r-x .text
  00005618    00005618    00000105   00000105    r-- .const
  00005720    00005720    00000030   00000030    r-- .cinit
20000000    20000000    00001028   00000000    rw-
  20000000    20000000    00001000   00000000    rw- .stack
  20001000    20001000    00000028   00000000    rw- .data


SECTION ALLOCATION MAP

 output                                  attributes/
section   page    origin      length       input sections
--------  ----  ----------  ----------   ----------------
.intvecs   0    00000000    0000026c     
                  00000000    0000026c     tm4c123gh6pm_startup_ccs.obj (.intvecs)

.text      0    0000026c    000053ac     
                  0000026c    00001574     eth0.obj (.text)
                  000017e0    000010cc     ethernet.obj (.text)
                  000028ac    00000a4e     rtsv7M4_T_le_v4SPD16_eabi.lib : _printfi.c.obj (.text:__TI_printfi)
                  000032fa    00000002                                   : div0.asm.obj (.text)
                  000032fc    000007c0     gpio.obj (.text)
                  00003abc    0000046c     mqqt.obj (.text)
                  00003f28    00000270     rtsv7M4_T_le_v4SPD16_eabi.lib : _printfi.c.obj (.text:_pconv_a)
                  00004198    000001d0                                   : _printfi.c.obj (.text:_pconv_g)
                  00004368    000001b6                                   : fd_add_t2.asm.obj (.text)
                  0000451e    00000002     --HOLE-- [fill = 0]
                  00004520    00000160     spi0.obj (.text)
                  00004680    0000013c     rtsv7M4_T_le_v4SPD16_eabi.lib : _printfi.c.obj (.text:_pconv_e)
                  000047bc    00000136                                   : fd_div_t2.asm.obj (.text)
                  000048f2    00000002     --HOLE-- [fill = 0]
                  000048f4    00000124                                   : _printfi.c.obj (.text:fcvt)
                  00004a18    00000124     uart0.obj (.text)
                  00004b3c    00000110     rtsv7M4_T_le_v4SPD16_eabi.lib : s_scalbn.c.obj (.text:scalbn)
                  00004c4c    000000fc                                   : fd_mul_t2.asm.obj (.text)
                  00004d48    000000b1                                   : _printfi.c.obj (.text:_ltostr)
                  00004df9    00000001     --HOLE-- [fill = 0]
                  00004dfa    0000009c                                   : memcpy_t2.asm.obj (.text)
                  00004e96    00000096                                   : ull_div_t2.asm.obj (.text)
                  00004f2c    00000086                                   : fd_cmp_t2.asm.obj (.text:__aeabi_cdcmple)
                  00004fb2    00000086                                   : fd_cmp_t2.asm.obj (.text:__aeabi_cdrcmple)
                  00005038    00000084     eeprom.obj (.text)
                  000050bc    0000007a     rtsv7M4_T_le_v4SPD16_eabi.lib : memset_t2.asm.obj (.text)
                  00005136    0000006e                                   : _printfi.c.obj (.text:_mcpy)
                  000051a4    00000068                                   : copy_decompress_lzss.c.obj (.text:decompress:lzss:__TI_decompress_lzss)
                  0000520c    00000064                                   : s_frexp.c.obj (.text:frexp)
                  00005270    00000056                                   : _printfi.c.obj (.text:_pconv_f)
                  000052c6    00000054                                   : _ltoa.c.obj (.text:__TI_ltoa)
                  0000531a    00000052                                   : _printfi.c.obj (.text:_ecpy)
                  0000536c    0000004c                                   : atoi.c.obj (.text:atoi)
                  000053b8    00000048                                   : fd_toi_t2.asm.obj (.text)
                  00005400    00000044                                   : autoinit.c.obj (.text:__TI_auto_init_nobinit_nopinit:__TI_auto_init_nobinit_nopinit)
                  00005444    00000040                                   : sprintf.c.obj (.text:sprintf)
                  00005484    0000003e                                   : _printfi.c.obj (.text:_fcpy)
                  000054c2    00000002     --HOLE-- [fill = 0]
                  000054c4    00000034                                   : boot_cortex_m.c.obj (.text:_c_int00_noargs:_c_int00_noargs)
                  000054f8    0000002e                                   : i_tofd_t2.asm.obj (.text)
                  00005526    00000024     wait.obj (.text)
                  0000554a    0000001c     rtsv7M4_T_le_v4SPD16_eabi.lib : memccpy.c.obj (.text:memccpy)
                  00005566    0000001a                                   : s_copysign.c.obj (.text:copysign)
                  00005580    00000018                                   : sprintf.c.obj (.text:_outs)
                  00005598    00000016                                   : strchr.c.obj (.text:strchr)
                  000055ae    00000014                                   : strlen.c.obj (.text:strlen)
                  000055c2    00000012                                   : wcslen.c.obj (.text:wcslen)
                  000055d4    00000010     clock.obj (.text)
                  000055e4    0000000e     rtsv7M4_T_le_v4SPD16_eabi.lib : copy_decompress_none.c.obj (.text:decompress:none:__TI_decompress_none)
                  000055f2    0000000c     tm4c123gh6pm_startup_ccs.obj (.text)
                  000055fe    0000000a     rtsv7M4_T_le_v4SPD16_eabi.lib : sprintf.c.obj (.text:_outc)
                  00005608    00000008                                   : errno.c.obj (.text:__aeabi_errno_addr)
                  00005610    00000004                                   : pre_init.c.obj (.text:_system_pre_init)
                  00005614    00000004                                   : exit.c.obj (.text:abort:abort)

.const     0    00005618    00000105     
                  00005618    00000101     rtsv7M4_T_le_v4SPD16_eabi.lib : ctype.c.obj (.const:.string:_ctypes_)
                  00005719    00000004     mqqt.obj (.const:.string:$P$T0$1)

.cinit     0    00005720    00000030     
                  00005720    0000001d     (.cinit..data.load) [load image, compression = lzss]
                  0000573d    00000003     --HOLE-- [fill = 0]
                  00005740    00000008     (__TI_handler_table)
                  00005748    00000008     (__TI_cinit_table)

.init_array 
*          0    00000000    00000000     UNINITIALIZED

.data      0    20001000    00000028     UNINITIALIZED
                  20001000    0000000b     ethernet.obj (.data)
                  2000100b    00000006     eth0.obj (.data:macAddress)
                  20001011    00000004     eth0.obj (.data)
                  20001015    00000004     eth0.obj (.data:ipAddress)
                  20001019    00000004     eth0.obj (.data:ipGwAddress)
                  2000101d    00000004     eth0.obj (.data:ipSubnetMask)
                  20001021    00000003     --HOLE--
                  20001024    00000004     rtsv7M4_T_le_v4SPD16_eabi.lib : errno.c.obj (.data)

.stack     0    20000000    00001000     UNINITIALIZED
                  20000000    00000004     rtsv7M4_T_le_v4SPD16_eabi.lib : boot_cortex_m.c.obj (.stack)
                  20000004    00000ffc     --HOLE--

__llvm_prf_cnts 
*          0    20000000    00000000     UNINITIALIZED

MODULE SUMMARY

       Module                         code    ro data   rw data
       ------                         ----    -------   -------
    .\
       eth0.obj                       5492    0         22     
       ethernet.obj                   4300    0         11     
       gpio.obj                       1984    0         0      
       mqqt.obj                       1132    4         0      
       tm4c123gh6pm_startup_ccs.obj   12      620       0      
       spi0.obj                       352     0         0      
       uart0.obj                      292     0         0      
       eeprom.obj                     132     0         0      
       wait.obj                       36      0         0      
       clock.obj                      16      0         0      
    +--+------------------------------+-------+---------+---------+
       Total:                         13748   624       33     
                                                               
    C:\ti\ccs1011\ccs\tools\compiler\ti-cgt-arm_20.2.1.LTS\lib\rtsv7M4_T_le_v4SPD16_eabi.lib
       _printfi.c.obj                 4851    0         0      
       fd_add_t2.asm.obj              438     0         0      
       fd_div_t2.asm.obj              310     0         0      
       s_scalbn.c.obj                 272     0         0      
       fd_cmp_t2.asm.obj              268     0         0      
       ctype.c.obj                    0       257       0      
       fd_mul_t2.asm.obj              252     0         0      
       memcpy_t2.asm.obj              156     0         0      
       ull_div_t2.asm.obj             150     0         0      
       memset_t2.asm.obj              122     0         0      
       copy_decompress_lzss.c.obj     104     0         0      
       s_frexp.c.obj                  100     0         0      
       sprintf.c.obj                  98      0         0      
       _ltoa.c.obj                    84      0         0      
       atoi.c.obj                     76      0         0      
       fd_toi_t2.asm.obj              72      0         0      
       autoinit.c.obj                 68      0         0      
       boot_cortex_m.c.obj            52      0         0      
       i_tofd_t2.asm.obj              46      0         0      
       memccpy.c.obj                  28      0         0      
       s_copysign.c.obj               26      0         0      
       strchr.c.obj                   22      0         0      
       strlen.c.obj                   20      0         0      
       wcslen.c.obj                   18      0         0      
       copy_decompress_none.c.obj     14      0         0      
       errno.c.obj                    8       0         4      
       exit.c.obj                     4       0         0      
       pre_init.c.obj                 4       0         0      
       div0.asm.obj                   2       0         0      
    +--+------------------------------+-------+---------+---------+
       Total:                         7665    257       4      
                                                               
       Stack:                         0       0         4096   
       Linker Generated:              0       45        0      
    +--+------------------------------+-------+---------+---------+
       Grand Total:                   21413   926       4133   


LINKER GENERATED COPY TABLES

__TI_cinit_table @ 00005748 records: 1, size/record: 8, table size: 8
	.data: load addr=00005720, load size=0000001d bytes, run addr=20001000, run size=00000028 bytes, compression=lzss


LINKER GENERATED HANDLER TABLE

__TI_handler_table @ 00005740 records: 2, size/record: 4, table size: 8
	index: 0, handler: __TI_decompress_lzss
	index: 1, handler: __TI_decompress_none


GLOBAL SYMBOLS: SORTED ALPHABETICALLY BY Name 

address   name                          
-------   ----                          
00005615  C$$EXIT                       
2000100a  EstablishedState              
20001008  FSM_State                     
000055f3  ResetISR                      
20001000  __STACK_END                   
00001000  __STACK_SIZE                  
20000200  __STACK_TOP                   
00005748  __TI_CINIT_Base               
00005750  __TI_CINIT_Limit              
00005740  __TI_Handler_Table_Base       
00005748  __TI_Handler_Table_Limit      
00005401  __TI_auto_init_nobinit_nopinit
000051a5  __TI_decompress_lzss          
000055e5  __TI_decompress_none          
000052c7  __TI_ltoa                     
ffffffff  __TI_pprof_out_hndl           
000028ad  __TI_printfi                  
ffffffff  __TI_prof_data_size           
ffffffff  __TI_prof_data_start          
00000000  __TI_static_base__            
00004f2d  __aeabi_cdcmpeq               
00004f2d  __aeabi_cdcmple               
00004fb3  __aeabi_cdrcmple              
000053b9  __aeabi_d2iz                  
00004373  __aeabi_dadd                  
000047bd  __aeabi_ddiv                  
00004c4d  __aeabi_dmul                  
00004369  __aeabi_dsub                  
00005609  __aeabi_errno_addr            
000054f9  __aeabi_i2d                   
000032fb  __aeabi_idiv0                 
000032fb  __aeabi_ldiv0                 
000050bd  __aeabi_memclr                
000050bd  __aeabi_memclr4               
000050bd  __aeabi_memclr8               
00004dfb  __aeabi_memcpy                
00004dfb  __aeabi_memcpy4               
00004dfb  __aeabi_memcpy8               
000050bf  __aeabi_memset                
000050bf  __aeabi_memset4               
000050bf  __aeabi_memset8               
00004e97  __aeabi_uldivmod              
ffffffff  __binit__                     
ffffffff  __c_args__                    
UNDEFED   __mpu_init                    
20000000  __stack                       
20000000  __start___llvm_prf_cnts       
20000000  __stop___llvm_prf_cnts        
000054c5  _c_int00_noargs               
00005618  _ctypes_                      
UNDEFED   _system_post_cinit            
00005611  _system_pre_init              
20001004  aNum                          
00005615  abort                         
00001cb1  alphabetToInteger             
0000536d  atoi                          
ffffffff  binit                         
00005567  copysign                      
00005567  copysignl                     
20001014  dhcpEnabled                   
0000392d  disablePinInterrupt           
00003665  disablePinPulldown            
0000361d  disablePinPullup              
000033b9  disablePort                   
00001815  displayConnectionInfo         
0000199f  displayStatus                 
00003909  enablePinInterrupt            
00003641  enablePinPulldown             
000035ef  enablePinPullup               
000032fd  enablePort                    
20001024  errno                         
0000093d  etherCalcIpChecksum           
0000032b  etherClearReg                 
00000283  etherCsOff                    
0000026d  etherCsOn                     
00001583  etherDisableDhcpMode          
0000157b  etherEnableDhcpMode           
00001565  etherGetId                    
000015f5  etherGetIpAddress             
000016d9  etherGetIpGatewayAddress      
00001667  etherGetIpSubnetMask          
00001755  etherGetMacAddress            
000006a3  etherGetPacket                
00001397  etherGetUdpData               
00001571  etherIncId                    
00000477  etherInit                     
00000d4d  etherIsArpRequest             
00000deb  etherIsArpResponse            
00000659  etherIsDataAvailable          
0000158b  etherIsDhcpEnabled            
000009cd  etherIsIp                     
00000a3d  etherIsIpUnicast              
00001591  etherIsIpValid                
0000063f  etherIsLinkUp                 
00000673  etherIsOverflow               
00000beb  etherIsPingRequest            
00000aa1  etherIsTcpResponse            
000012ef  etherIsUdp                    
00000795  etherPutPacket                
0000045f  etherReadMem                  
0000044d  etherReadMemStart             
0000046f  etherReadMemStop              
000003b3  etherReadPhy                  
000002c5  etherReadReg                  
000011e1  etherSendArpRequest           
00001111  etherSendArpResponse          
00000c37  etherSendPingResponse         
00000e8d  etherSendTCP                  
000013c9  etherSendUdpResponse          
0000035f  etherSetBank                  
000015bd  etherSetIpAddress             
000016a1  etherSetIpGatewayAddress      
0000162f  etherSetIpSubnetMask          
00001713  etherSetMacAddress            
000002f7  etherSetReg                   
0000087b  etherSumWords                 
00000431  etherWriteMem                 
0000041f  etherWriteMemStart            
00000445  etherWriteMemStop             
0000037b  etherWritePhy                 
00000291  etherWriteReg                 
0000520d  frexp                         
0000520d  frexpl                        
00000000  g_pfnVectors                  
00003bb3  getConnectPacket              
00003b9d  getDisconnectPacket           
00000901  getEtherChecksum              
00001dc1  getFieldInteger               
00001c5f  getFieldString                
00000b9b  getLength                     
00003b77  getMQTTPacket                 
00003977  getPinValue                   
00003a2d  getPortValue                  
00003ccf  getPublishPacket              
00003b27  getRemLength                  
00003dfb  getSubscribePacket            
00004aeb  getcUart0                     
00001a65  getsUart0                     
00003abd  getutf8Encoding               
00000999  htonl                         
00000975  htons                         
00005039  initEeprom                    
000017e1  initHw                        
00004521  initSpi0                      
000055d5  initSystemClockTo40Mhz        
00004a19  initUart0                     
20001015  ipAddress                     
20001019  ipGwAddress                   
2000101d  ipSubnetMask                  
00001dfb  isCommand                     
00004aff  kbhitUart0                    
00004b3d  ldexp                         
00004b3d  ldexpl                        
2000100b  macAddress                    
00001e2d  main                          
0000554b  memccpy                       
00004dfb  memcpy                        
000050c5  memset                        
20001011  nextPacketLsb                 
20001012  nextPacketMsb                 
00001b23  parseFields                   
00004aa3  putcUart0                     
00004abf  putsUart0                     
00005081  readEeprom                    
00004659  readSpi0Data                  
00001a4b  reboot                        
20001000  sNum                          
00004b3d  scalbn                        
00004b3d  scalbnl                       
00003523  selectPinAnalogInput          
000034d5  selectPinDigitalInput         
0000383f  selectPinInterruptBothEdges   
000037ef  selectPinInterruptFallingEdge 
00003895  selectPinInterruptHighLevel   
000038cf  selectPinInterruptLowLevel    
0000379f  selectPinInterruptRisingEdge  
00003487  selectPinOpenDrainOutput      
00003439  selectPinPushPullOutput       
20001013  sequenceId                    
0000368d  setPinAuxFunction             
00003573  setPinCommitControl           
00003951  setPinValue                   
000039a9  setPortValue                  
000045bd  setSpi0BaudRate               
000045f3  setSpi0Mode                   
00004a63  setUart0BaudRate              
00005445  sprintf                       
00005599  strchr                        
00001d25  stringCompare                 
000055af  strlen                        
00005527  waitMicrosecond               
000055c3  wcslen                        
0000504f  writeEeprom                   
00004641  writeSpi0Data                 


GLOBAL SYMBOLS: SORTED BY Symbol Address 

address   name                          
-------   ----                          
00000000  __TI_static_base__            
00000000  g_pfnVectors                  
0000026d  etherCsOn                     
00000283  etherCsOff                    
00000291  etherWriteReg                 
000002c5  etherReadReg                  
000002f7  etherSetReg                   
0000032b  etherClearReg                 
0000035f  etherSetBank                  
0000037b  etherWritePhy                 
000003b3  etherReadPhy                  
0000041f  etherWriteMemStart            
00000431  etherWriteMem                 
00000445  etherWriteMemStop             
0000044d  etherReadMemStart             
0000045f  etherReadMem                  
0000046f  etherReadMemStop              
00000477  etherInit                     
0000063f  etherIsLinkUp                 
00000659  etherIsDataAvailable          
00000673  etherIsOverflow               
000006a3  etherGetPacket                
00000795  etherPutPacket                
0000087b  etherSumWords                 
00000901  getEtherChecksum              
0000093d  etherCalcIpChecksum           
00000975  htons                         
00000999  htonl                         
000009cd  etherIsIp                     
00000a3d  etherIsIpUnicast              
00000aa1  etherIsTcpResponse            
00000b9b  getLength                     
00000beb  etherIsPingRequest            
00000c37  etherSendPingResponse         
00000d4d  etherIsArpRequest             
00000deb  etherIsArpResponse            
00000e8d  etherSendTCP                  
00001000  __STACK_SIZE                  
00001111  etherSendArpResponse          
000011e1  etherSendArpRequest           
000012ef  etherIsUdp                    
00001397  etherGetUdpData               
000013c9  etherSendUdpResponse          
00001565  etherGetId                    
00001571  etherIncId                    
0000157b  etherEnableDhcpMode           
00001583  etherDisableDhcpMode          
0000158b  etherIsDhcpEnabled            
00001591  etherIsIpValid                
000015bd  etherSetIpAddress             
000015f5  etherGetIpAddress             
0000162f  etherSetIpSubnetMask          
00001667  etherGetIpSubnetMask          
000016a1  etherSetIpGatewayAddress      
000016d9  etherGetIpGatewayAddress      
00001713  etherSetMacAddress            
00001755  etherGetMacAddress            
000017e1  initHw                        
00001815  displayConnectionInfo         
0000199f  displayStatus                 
00001a4b  reboot                        
00001a65  getsUart0                     
00001b23  parseFields                   
00001c5f  getFieldString                
00001cb1  alphabetToInteger             
00001d25  stringCompare                 
00001dc1  getFieldInteger               
00001dfb  isCommand                     
00001e2d  main                          
000028ad  __TI_printfi                  
000032fb  __aeabi_idiv0                 
000032fb  __aeabi_ldiv0                 
000032fd  enablePort                    
000033b9  disablePort                   
00003439  selectPinPushPullOutput       
00003487  selectPinOpenDrainOutput      
000034d5  selectPinDigitalInput         
00003523  selectPinAnalogInput          
00003573  setPinCommitControl           
000035ef  enablePinPullup               
0000361d  disablePinPullup              
00003641  enablePinPulldown             
00003665  disablePinPulldown            
0000368d  setPinAuxFunction             
0000379f  selectPinInterruptRisingEdge  
000037ef  selectPinInterruptFallingEdge 
0000383f  selectPinInterruptBothEdges   
00003895  selectPinInterruptHighLevel   
000038cf  selectPinInterruptLowLevel    
00003909  enablePinInterrupt            
0000392d  disablePinInterrupt           
00003951  setPinValue                   
00003977  getPinValue                   
000039a9  setPortValue                  
00003a2d  getPortValue                  
00003abd  getutf8Encoding               
00003b27  getRemLength                  
00003b77  getMQTTPacket                 
00003b9d  getDisconnectPacket           
00003bb3  getConnectPacket              
00003ccf  getPublishPacket              
00003dfb  getSubscribePacket            
00004369  __aeabi_dsub                  
00004373  __aeabi_dadd                  
00004521  initSpi0                      
000045bd  setSpi0BaudRate               
000045f3  setSpi0Mode                   
00004641  writeSpi0Data                 
00004659  readSpi0Data                  
000047bd  __aeabi_ddiv                  
00004a19  initUart0                     
00004a63  setUart0BaudRate              
00004aa3  putcUart0                     
00004abf  putsUart0                     
00004aeb  getcUart0                     
00004aff  kbhitUart0                    
00004b3d  ldexp                         
00004b3d  ldexpl                        
00004b3d  scalbn                        
00004b3d  scalbnl                       
00004c4d  __aeabi_dmul                  
00004dfb  __aeabi_memcpy                
00004dfb  __aeabi_memcpy4               
00004dfb  __aeabi_memcpy8               
00004dfb  memcpy                        
00004e97  __aeabi_uldivmod              
00004f2d  __aeabi_cdcmpeq               
00004f2d  __aeabi_cdcmple               
00004fb3  __aeabi_cdrcmple              
00005039  initEeprom                    
0000504f  writeEeprom                   
00005081  readEeprom                    
000050bd  __aeabi_memclr                
000050bd  __aeabi_memclr4               
000050bd  __aeabi_memclr8               
000050bf  __aeabi_memset                
000050bf  __aeabi_memset4               
000050bf  __aeabi_memset8               
000050c5  memset                        
000051a5  __TI_decompress_lzss          
0000520d  frexp                         
0000520d  frexpl                        
000052c7  __TI_ltoa                     
0000536d  atoi                          
000053b9  __aeabi_d2iz                  
00005401  __TI_auto_init_nobinit_nopinit
00005445  sprintf                       
000054c5  _c_int00_noargs               
000054f9  __aeabi_i2d                   
00005527  waitMicrosecond               
0000554b  memccpy                       
00005567  copysign                      
00005567  copysignl                     
00005599  strchr                        
000055af  strlen                        
000055c3  wcslen                        
000055d5  initSystemClockTo40Mhz        
000055e5  __TI_decompress_none          
000055f3  ResetISR                      
00005609  __aeabi_errno_addr            
00005611  _system_pre_init              
00005615  C$$EXIT                       
00005615  abort                         
00005618  _ctypes_                      
00005740  __TI_Handler_Table_Base       
00005748  __TI_CINIT_Base               
00005748  __TI_Handler_Table_Limit      
00005750  __TI_CINIT_Limit              
20000000  __stack                       
20000000  __start___llvm_prf_cnts       
20000000  __stop___llvm_prf_cnts        
20000200  __STACK_TOP                   
20001000  __STACK_END                   
20001000  sNum                          
20001004  aNum                          
20001008  FSM_State                     
2000100a  EstablishedState              
2000100b  macAddress                    
20001011  nextPacketLsb                 
20001012  nextPacketMsb                 
20001013  sequenceId                    
20001014  dhcpEnabled                   
20001015  ipAddress                     
20001019  ipGwAddress                   
2000101d  ipSubnetMask                  
20001024  errno                         
ffffffff  __TI_pprof_out_hndl           
ffffffff  __TI_prof_data_size           
ffffffff  __TI_prof_data_start          
ffffffff  __binit__                     
ffffffff  __c_args__                    
ffffffff  binit                         
UNDEFED   __mpu_init                    
UNDEFED   _system_post_cinit            

[194 symbols]
